<?xml version="1.0" encoding="ISO-8859-1" ?>
<link_info>
   <banner>TI ARM Linker Unix v18.12.1.LTS</banner>
   <copyright>Copyright (c) 1996-2018 Texas Instruments Incorporated</copyright>
   <link_time>0x5caed45a</link_time>
   <link_errors>0x0</link_errors>
   <output_file>FreeRTOS_tiva_demo.out</output_file>
   <entry_point>
      <name>_c_int00_noargs</name>
      <address>0x8481</address>
   </entry_point>
   <input_file_list>
      <input_file id="fl-2">
         <path>./</path>
         <kind>object</kind>
         <file>init.obj</file>
         <name>init.obj</name>
      </input_file>
      <input_file id="fl-3">
         <path>./</path>
         <kind>object</kind>
         <file>main.obj</file>
         <name>main.obj</name>
      </input_file>
      <input_file id="fl-4">
         <path>./</path>
         <kind>object</kind>
         <file>mythread.obj</file>
         <name>mythread.obj</name>
      </input_file>
      <input_file id="fl-5">
         <path>./</path>
         <kind>object</kind>
         <file>tm4c1294ncpdt_startup_ccs.obj</file>
         <name>tm4c1294ncpdt_startup_ccs.obj</name>
      </input_file>
      <input_file id="fl-6">
         <path>./FreeRTOS/</path>
         <kind>object</kind>
         <file>croutine.obj</file>
         <name>croutine.obj</name>
      </input_file>
      <input_file id="fl-7">
         <path>./FreeRTOS/</path>
         <kind>object</kind>
         <file>event_groups.obj</file>
         <name>event_groups.obj</name>
      </input_file>
      <input_file id="fl-8">
         <path>./FreeRTOS/</path>
         <kind>object</kind>
         <file>list.obj</file>
         <name>list.obj</name>
      </input_file>
      <input_file id="fl-9">
         <path>./FreeRTOS/</path>
         <kind>object</kind>
         <file>queue.obj</file>
         <name>queue.obj</name>
      </input_file>
      <input_file id="fl-a">
         <path>./FreeRTOS/</path>
         <kind>object</kind>
         <file>tasks.obj</file>
         <name>tasks.obj</name>
      </input_file>
      <input_file id="fl-b">
         <path>./FreeRTOS/</path>
         <kind>object</kind>
         <file>timers.obj</file>
         <name>timers.obj</name>
      </input_file>
      <input_file id="fl-c">
         <path>./FreeRTOS/portable/CCS/ARM_CM4F/</path>
         <kind>object</kind>
         <file>port.obj</file>
         <name>port.obj</name>
      </input_file>
      <input_file id="fl-d">
         <path>./FreeRTOS/portable/CCS/ARM_CM4F/</path>
         <kind>object</kind>
         <file>portasm.obj</file>
         <name>portasm.obj</name>
      </input_file>
      <input_file id="fl-e">
         <path>./FreeRTOS/portable/MemMang/</path>
         <kind>object</kind>
         <file>heap_2.obj</file>
         <name>heap_2.obj</name>
      </input_file>
      <input_file id="fl-f">
         <path>./driverlib/</path>
         <kind>object</kind>
         <file>adc.obj</file>
         <name>adc.obj</name>
      </input_file>
      <input_file id="fl-10">
         <path>./driverlib/</path>
         <kind>object</kind>
         <file>aes.obj</file>
         <name>aes.obj</name>
      </input_file>
      <input_file id="fl-11">
         <path>./driverlib/</path>
         <kind>object</kind>
         <file>can.obj</file>
         <name>can.obj</name>
      </input_file>
      <input_file id="fl-12">
         <path>./driverlib/</path>
         <kind>object</kind>
         <file>comp.obj</file>
         <name>comp.obj</name>
      </input_file>
      <input_file id="fl-13">
         <path>./driverlib/</path>
         <kind>object</kind>
         <file>cpu.obj</file>
         <name>cpu.obj</name>
      </input_file>
      <input_file id="fl-14">
         <path>./driverlib/</path>
         <kind>object</kind>
         <file>crc.obj</file>
         <name>crc.obj</name>
      </input_file>
      <input_file id="fl-15">
         <path>./driverlib/</path>
         <kind>object</kind>
         <file>des.obj</file>
         <name>des.obj</name>
      </input_file>
      <input_file id="fl-16">
         <path>./driverlib/</path>
         <kind>object</kind>
         <file>eeprom.obj</file>
         <name>eeprom.obj</name>
      </input_file>
      <input_file id="fl-17">
         <path>./driverlib/</path>
         <kind>object</kind>
         <file>emac.obj</file>
         <name>emac.obj</name>
      </input_file>
      <input_file id="fl-18">
         <path>./driverlib/</path>
         <kind>object</kind>
         <file>epi.obj</file>
         <name>epi.obj</name>
      </input_file>
      <input_file id="fl-19">
         <path>./driverlib/</path>
         <kind>object</kind>
         <file>epi_workaround_ccs.obj</file>
         <name>epi_workaround_ccs.obj</name>
      </input_file>
      <input_file id="fl-1a">
         <path>./driverlib/</path>
         <kind>object</kind>
         <file>flash.obj</file>
         <name>flash.obj</name>
      </input_file>
      <input_file id="fl-1b">
         <path>./driverlib/</path>
         <kind>object</kind>
         <file>fpu.obj</file>
         <name>fpu.obj</name>
      </input_file>
      <input_file id="fl-1c">
         <path>./driverlib/</path>
         <kind>object</kind>
         <file>gpio.obj</file>
         <name>gpio.obj</name>
      </input_file>
      <input_file id="fl-1d">
         <path>./driverlib/</path>
         <kind>object</kind>
         <file>hibernate.obj</file>
         <name>hibernate.obj</name>
      </input_file>
      <input_file id="fl-1e">
         <path>./driverlib/</path>
         <kind>object</kind>
         <file>i2c.obj</file>
         <name>i2c.obj</name>
      </input_file>
      <input_file id="fl-1f">
         <path>./driverlib/</path>
         <kind>object</kind>
         <file>interrupt.obj</file>
         <name>interrupt.obj</name>
      </input_file>
      <input_file id="fl-20">
         <path>./driverlib/</path>
         <kind>object</kind>
         <file>lcd.obj</file>
         <name>lcd.obj</name>
      </input_file>
      <input_file id="fl-21">
         <path>./driverlib/</path>
         <kind>object</kind>
         <file>mpu.obj</file>
         <name>mpu.obj</name>
      </input_file>
      <input_file id="fl-22">
         <path>./driverlib/</path>
         <kind>object</kind>
         <file>pwm.obj</file>
         <name>pwm.obj</name>
      </input_file>
      <input_file id="fl-23">
         <path>./driverlib/</path>
         <kind>object</kind>
         <file>qei.obj</file>
         <name>qei.obj</name>
      </input_file>
      <input_file id="fl-24">
         <path>./driverlib/</path>
         <kind>object</kind>
         <file>shamd5.obj</file>
         <name>shamd5.obj</name>
      </input_file>
      <input_file id="fl-25">
         <path>./driverlib/</path>
         <kind>object</kind>
         <file>ssi.obj</file>
         <name>ssi.obj</name>
      </input_file>
      <input_file id="fl-26">
         <path>./driverlib/</path>
         <kind>object</kind>
         <file>sw_crc.obj</file>
         <name>sw_crc.obj</name>
      </input_file>
      <input_file id="fl-27">
         <path>./driverlib/</path>
         <kind>object</kind>
         <file>sysctl.obj</file>
         <name>sysctl.obj</name>
      </input_file>
      <input_file id="fl-28">
         <path>./driverlib/</path>
         <kind>object</kind>
         <file>sysexc.obj</file>
         <name>sysexc.obj</name>
      </input_file>
      <input_file id="fl-29">
         <path>./driverlib/</path>
         <kind>object</kind>
         <file>systick.obj</file>
         <name>systick.obj</name>
      </input_file>
      <input_file id="fl-2a">
         <path>./driverlib/</path>
         <kind>object</kind>
         <file>timer.obj</file>
         <name>timer.obj</name>
      </input_file>
      <input_file id="fl-2b">
         <path>./driverlib/</path>
         <kind>object</kind>
         <file>uart.obj</file>
         <name>uart.obj</name>
      </input_file>
      <input_file id="fl-2c">
         <path>./driverlib/</path>
         <kind>object</kind>
         <file>udma.obj</file>
         <name>udma.obj</name>
      </input_file>
      <input_file id="fl-2d">
         <path>./driverlib/</path>
         <kind>object</kind>
         <file>usb.obj</file>
         <name>usb.obj</name>
      </input_file>
      <input_file id="fl-2e">
         <path>./driverlib/</path>
         <kind>object</kind>
         <file>watchdog.obj</file>
         <name>watchdog.obj</name>
      </input_file>
      <input_file id="fl-2f">
         <path>./drivers/</path>
         <kind>object</kind>
         <file>pinout.obj</file>
         <name>pinout.obj</name>
      </input_file>
      <input_file id="fl-30">
         <path>./utils/</path>
         <kind>object</kind>
         <file>uartstdio.obj</file>
         <name>uartstdio.obj</name>
      </input_file>
      <input_file id="fl-34">
         <kind>object</kind>
         <file>&lt;internal&gt;</file>
         <name>&lt;internal&gt;</name>
      </input_file>
      <input_file id="fl-ea">
         <path>/home/shah/ti/ccs901/ccs/tools/compiler/ti-cgt-arm_18.12.1.LTS/lib/</path>
         <kind>archive</kind>
         <file>rtsv7M4_T_le_v4SPD16_eabi.lib</file>
         <name>fd_cmp_t2.asm.obj</name>
      </input_file>
      <input_file id="fl-eb">
         <path>/home/shah/ti/ccs901/ccs/tools/compiler/ti-cgt-arm_18.12.1.LTS/lib/</path>
         <kind>archive</kind>
         <file>rtsv7M4_T_le_v4SPD16_eabi.lib</file>
         <name>fd_mul_t2.asm.obj</name>
      </input_file>
      <input_file id="fl-ec">
         <path>/home/shah/ti/ccs901/ccs/tools/compiler/ti-cgt-arm_18.12.1.LTS/lib/</path>
         <kind>archive</kind>
         <file>rtsv7M4_T_le_v4SPD16_eabi.lib</file>
         <name>fd_tou_t2.asm.obj</name>
      </input_file>
      <input_file id="fl-ed">
         <path>/home/shah/ti/ccs901/ccs/tools/compiler/ti-cgt-arm_18.12.1.LTS/lib/</path>
         <kind>archive</kind>
         <file>rtsv7M4_T_le_v4SPD16_eabi.lib</file>
         <name>i_tofd_t2.asm.obj</name>
      </input_file>
      <input_file id="fl-ee">
         <path>/home/shah/ti/ccs901/ccs/tools/compiler/ti-cgt-arm_18.12.1.LTS/lib/</path>
         <kind>archive</kind>
         <file>rtsv7M4_T_le_v4SPD16_eabi.lib</file>
         <name>memcpy_t2.asm.obj</name>
      </input_file>
      <input_file id="fl-ef">
         <path>/home/shah/ti/ccs901/ccs/tools/compiler/ti-cgt-arm_18.12.1.LTS/lib/</path>
         <kind>archive</kind>
         <file>rtsv7M4_T_le_v4SPD16_eabi.lib</file>
         <name>u_divt2.asm.obj</name>
      </input_file>
      <input_file id="fl-f0">
         <path>/home/shah/ti/ccs901/ccs/tools/compiler/ti-cgt-arm_18.12.1.LTS/lib/</path>
         <kind>archive</kind>
         <file>rtsv7M4_T_le_v4SPD16_eabi.lib</file>
         <name>memset_t2.asm.obj</name>
      </input_file>
      <input_file id="fl-f1">
         <path>/home/shah/ti/ccs901/ccs/tools/compiler/ti-cgt-arm_18.12.1.LTS/lib/</path>
         <kind>archive</kind>
         <file>rtsv7M4_T_le_v4SPD16_eabi.lib</file>
         <name>copy_zero_init.c.obj</name>
      </input_file>
      <input_file id="fl-f2">
         <path>/home/shah/ti/ccs901/ccs/tools/compiler/ti-cgt-arm_18.12.1.LTS/lib/</path>
         <kind>archive</kind>
         <file>rtsv7M4_T_le_v4SPD16_eabi.lib</file>
         <name>copy_decompress_none.c.obj</name>
      </input_file>
      <input_file id="fl-f3">
         <path>/home/shah/ti/ccs901/ccs/tools/compiler/ti-cgt-arm_18.12.1.LTS/lib/</path>
         <kind>archive</kind>
         <file>rtsv7M4_T_le_v4SPD16_eabi.lib</file>
         <name>copy_decompress_lzss.c.obj</name>
      </input_file>
      <input_file id="fl-f4">
         <path>/home/shah/ti/ccs901/ccs/tools/compiler/ti-cgt-arm_18.12.1.LTS/lib/</path>
         <kind>archive</kind>
         <file>rtsv7M4_T_le_v4SPD16_eabi.lib</file>
         <name>strcpy.c.obj</name>
      </input_file>
      <input_file id="fl-f5">
         <path>/home/shah/ti/ccs901/ccs/tools/compiler/ti-cgt-arm_18.12.1.LTS/lib/</path>
         <kind>archive</kind>
         <file>rtsv7M4_T_le_v4SPD16_eabi.lib</file>
         <name>boot_cortex_m.c.obj</name>
      </input_file>
      <input_file id="fl-f6">
         <path>/home/shah/ti/ccs901/ccs/tools/compiler/ti-cgt-arm_18.12.1.LTS/lib/</path>
         <kind>archive</kind>
         <file>rtsv7M4_T_le_v4SPD16_eabi.lib</file>
         <name>div0.asm.obj</name>
      </input_file>
      <input_file id="fl-f7">
         <path>/home/shah/ti/ccs901/ccs/tools/compiler/ti-cgt-arm_18.12.1.LTS/lib/</path>
         <kind>archive</kind>
         <file>rtsv7M4_T_le_v4SPD16_eabi.lib</file>
         <name>autoinit.c.obj</name>
      </input_file>
      <input_file id="fl-f8">
         <path>/home/shah/ti/ccs901/ccs/tools/compiler/ti-cgt-arm_18.12.1.LTS/lib/</path>
         <kind>archive</kind>
         <file>rtsv7M4_T_le_v4SPD16_eabi.lib</file>
         <name>pre_init.c.obj</name>
      </input_file>
      <input_file id="fl-f9">
         <path>/home/shah/ti/ccs901/ccs/tools/compiler/ti-cgt-arm_18.12.1.LTS/lib/</path>
         <kind>archive</kind>
         <file>rtsv7M4_T_le_v4SPD16_eabi.lib</file>
         <name>cpy_tbl.c.obj</name>
      </input_file>
      <input_file id="fl-fa">
         <path>/home/shah/ti/ccs901/ccs/tools/compiler/ti-cgt-arm_18.12.1.LTS/lib/</path>
         <kind>archive</kind>
         <file>rtsv7M4_T_le_v4SPD16_eabi.lib</file>
         <name>exit.c.obj</name>
      </input_file>
      <input_file id="fl-fb">
         <path>/home/shah/ti/ccs901/ccs/tools/compiler/ti-cgt-arm_18.12.1.LTS/lib/</path>
         <kind>archive</kind>
         <file>rtsv7M4_T_le_v4SPD16_eabi.lib</file>
         <name>_lock.c.obj</name>
      </input_file>
      <input_file id="fl-fc">
         <path>/home/shah/ti/ccs901/ccs/tools/compiler/ti-cgt-arm_18.12.1.LTS/lib/</path>
         <kind>archive</kind>
         <file>rtsv7M4_T_le_v4SPD16_eabi.lib</file>
         <name>args_main.c.obj</name>
      </input_file>
   </input_file_list>
   <object_component_list>
      <object_component id="oc-f">
         <name>.intvecs</name>
         <load_address>0x0</load_address>
         <run_address>0x0</run_address>
         <size>0x208</size>
         <input_file_ref idref="fl-5"/>
      </object_component>
      <object_component id="oc-7c">
         <name>.text</name>
         <load_address>0x208</load_address>
         <run_address>0x208</run_address>
         <size>0x17b0</size>
         <input_file_ref idref="fl-a"/>
      </object_component>
      <object_component id="oc-1f1">
         <name>.text</name>
         <load_address>0x19b8</load_address>
         <run_address>0x19b8</run_address>
         <size>0x15cc</size>
         <input_file_ref idref="fl-27"/>
      </object_component>
      <object_component id="oc-1e9">
         <name>.text</name>
         <load_address>0x2f84</load_address>
         <run_address>0x2f84</run_address>
         <size>0x114c</size>
         <input_file_ref idref="fl-1c"/>
      </object_component>
      <object_component id="oc-203">
         <name>.text</name>
         <load_address>0x40d0</load_address>
         <run_address>0x40d0</run_address>
         <size>0xb50</size>
         <input_file_ref idref="fl-1e"/>
      </object_component>
      <object_component id="oc-12d">
         <name>.text</name>
         <load_address>0x4c20</load_address>
         <run_address>0x4c20</run_address>
         <size>0xad0</size>
         <input_file_ref idref="fl-9"/>
      </object_component>
      <object_component id="oc-1f7">
         <name>.text</name>
         <load_address>0x56f0</load_address>
         <run_address>0x56f0</run_address>
         <size>0xa50</size>
         <input_file_ref idref="fl-2b"/>
      </object_component>
      <object_component id="oc-f8">
         <name>.text</name>
         <load_address>0x6140</load_address>
         <run_address>0x6140</run_address>
         <size>0x578</size>
         <input_file_ref idref="fl-b"/>
      </object_component>
      <object_component id="oc-1fd">
         <name>.text</name>
         <load_address>0x66b8</load_address>
         <run_address>0x66b8</run_address>
         <size>0x56c</size>
         <input_file_ref idref="fl-30"/>
      </object_component>
      <object_component id="oc-26f">
         <name>.text</name>
         <load_address>0x6c24</load_address>
         <run_address>0x6c24</run_address>
         <size>0x490</size>
         <input_file_ref idref="fl-1f"/>
      </object_component>
      <object_component id="oc-133">
         <name>.text</name>
         <load_address>0x70b4</load_address>
         <run_address>0x70b4</run_address>
         <size>0x324</size>
         <input_file_ref idref="fl-2f"/>
      </object_component>
      <object_component id="oc-c4">
         <name>.text</name>
         <load_address>0x73d8</load_address>
         <run_address>0x73d8</run_address>
         <size>0x320</size>
         <input_file_ref idref="fl-3"/>
      </object_component>
      <object_component id="oc-151">
         <name>.text</name>
         <load_address>0x76f8</load_address>
         <run_address>0x76f8</run_address>
         <size>0x294</size>
         <input_file_ref idref="fl-4"/>
      </object_component>
      <object_component id="oc-139">
         <name>.text</name>
         <load_address>0x798c</load_address>
         <run_address>0x798c</run_address>
         <size>0x208</size>
         <input_file_ref idref="fl-2"/>
      </object_component>
      <object_component id="oc-e0">
         <name>.text</name>
         <load_address>0x7b94</load_address>
         <run_address>0x7b94</run_address>
         <size>0x1b8</size>
         <input_file_ref idref="fl-e"/>
      </object_component>
      <object_component id="oc-2f">
         <name>.text</name>
         <load_address>0x7d4c</load_address>
         <run_address>0x7d4c</run_address>
         <size>0x12c</size>
         <input_file_ref idref="fl-c"/>
      </object_component>
      <object_component id="oc-e6">
         <name>.text</name>
         <load_address>0x7e78</load_address>
         <run_address>0x7e78</run_address>
         <size>0x12a</size>
         <input_file_ref idref="fl-8"/>
      </object_component>
      <object_component id="oc-144">
         <name>.text</name>
         <load_address>0x7fa2</load_address>
         <run_address>0x7fa2</run_address>
         <size>0xfc</size>
         <input_file_ref idref="fl-eb"/>
      </object_component>
      <object_component id="oc-31d">
         <name>.text</name>
         <load_address>0x809e</load_address>
         <run_address>0x809e</run_address>
         <size>0x2</size>
         <input_file_ref idref="fl-f6"/>
      </object_component>
      <object_component id="oc-2a">
         <name>.text</name>
         <load_address>0x80a0</load_address>
         <run_address>0x80a0</run_address>
         <size>0xd2</size>
         <input_file_ref idref="fl-d"/>
      </object_component>
      <object_component id="oc-43">
         <name>.text</name>
         <load_address>0x8172</load_address>
         <run_address>0x8172</run_address>
         <size>0x9c</size>
         <input_file_ref idref="fl-ee"/>
      </object_component>
      <object_component id="oc-21c">
         <name>.text:__aeabi_cdrcmple</name>
         <load_address>0x820e</load_address>
         <run_address>0x820e</run_address>
         <size>0x86</size>
         <input_file_ref idref="fl-ea"/>
      </object_component>
      <object_component id="oc-b8">
         <name>.text</name>
         <load_address>0x8294</load_address>
         <run_address>0x8294</run_address>
         <size>0x7a</size>
         <input_file_ref idref="fl-f0"/>
      </object_component>
      <object_component id="oc-12">
         <name>.text:decompress:lzss:__TI_decompress_lzss</name>
         <load_address>0x830e</load_address>
         <run_address>0x830e</run_address>
         <size>0x68</size>
         <input_file_ref idref="fl-f3"/>
      </object_component>
      <object_component id="oc-165">
         <name>.text:__TI_auto_init_nobinit_nopinit:__TI_auto_init_nobinit_nopinit</name>
         <load_address>0x8378</load_address>
         <run_address>0x8378</run_address>
         <size>0x44</size>
         <input_file_ref idref="fl-f7"/>
      </object_component>
      <object_component id="oc-221">
         <name>.text</name>
         <load_address>0x83bc</load_address>
         <run_address>0x83bc</run_address>
         <size>0x44</size>
         <input_file_ref idref="fl-ec"/>
      </object_component>
      <object_component id="oc-2a7">
         <name>.text</name>
         <load_address>0x8400</load_address>
         <run_address>0x8400</run_address>
         <size>0x40</size>
         <input_file_ref idref="fl-ef"/>
      </object_component>
      <object_component id="oc-284">
         <name>.text</name>
         <load_address>0x8440</load_address>
         <run_address>0x8440</run_address>
         <size>0x3e</size>
         <input_file_ref idref="fl-13"/>
      </object_component>
      <object_component id="oc-61">
         <name>.text:_c_int00_noargs:_c_int00_noargs</name>
         <load_address>0x8480</load_address>
         <run_address>0x8480</run_address>
         <size>0x34</size>
         <input_file_ref idref="fl-f5"/>
      </object_component>
      <object_component id="oc-13f">
         <name>.text</name>
         <load_address>0x84b4</load_address>
         <run_address>0x84b4</run_address>
         <size>0x2e</size>
         <input_file_ref idref="fl-ed"/>
      </object_component>
      <object_component id="oc-209">
         <name>.text:strcpy</name>
         <load_address>0x84e2</load_address>
         <run_address>0x84e2</run_address>
         <size>0x14</size>
         <input_file_ref idref="fl-f4"/>
      </object_component>
      <object_component id="oc-18">
         <name>.text:decompress:none:__TI_decompress_none</name>
         <load_address>0x84f6</load_address>
         <run_address>0x84f6</run_address>
         <size>0xe</size>
         <input_file_ref idref="fl-f2"/>
      </object_component>
      <object_component id="oc-55">
         <name>.text:decompress:ZI:__TI_zero_init</name>
         <load_address>0x8504</load_address>
         <run_address>0x8504</run_address>
         <size>0xc</size>
         <input_file_ref idref="fl-f1"/>
      </object_component>
      <object_component id="oc-24">
         <name>.text</name>
         <load_address>0x8510</load_address>
         <run_address>0x8510</run_address>
         <size>0xc</size>
         <input_file_ref idref="fl-5"/>
      </object_component>
      <object_component id="oc-293">
         <name>.text:SysCtlDelay</name>
         <load_address>0x851c</load_address>
         <run_address>0x851c</run_address>
         <size>0x6</size>
         <input_file_ref idref="fl-27"/>
      </object_component>
      <object_component id="oc-be">
         <name>.text:_system_pre_init</name>
         <load_address>0x8522</load_address>
         <run_address>0x8522</run_address>
         <size>0x4</size>
         <input_file_ref idref="fl-f8"/>
      </object_component>
      <object_component id="oc-159">
         <name>.text:abort:abort</name>
         <load_address>0x8526</load_address>
         <run_address>0x8526</run_address>
         <size>0x4</size>
         <input_file_ref idref="fl-fa"/>
      </object_component>
      <object_component id="oc-28d">
         <name>.const:g_pppui32XTALtoVCO</name>
         <load_address>0x852c</load_address>
         <run_address>0x852c</run_address>
         <size>0x120</size>
         <input_file_ref idref="fl-27"/>
      </object_component>
      <object_component id="oc-269">
         <name>.const:g_ppui32GPIOIntMapBlizzard</name>
         <load_address>0x864c</load_address>
         <run_address>0x864c</run_address>
         <size>0xc0</size>
         <input_file_ref idref="fl-1c"/>
      </object_component>
      <object_component id="oc-26c">
         <name>.const:g_ppui32GPIOIntMapSnowflake</name>
         <load_address>0x870c</load_address>
         <run_address>0x870c</run_address>
         <size>0xc0</size>
         <input_file_ref idref="fl-1c"/>
      </object_component>
      <object_component id="oc-2ed">
         <name>.const:g_pui32Regs</name>
         <load_address>0x87cc</load_address>
         <run_address>0x87cc</run_address>
         <size>0x9c</size>
         <input_file_ref idref="fl-1f"/>
      </object_component>
      <object_component id="oc-275">
         <name>.const:g_pui32GPIOBaseAddrs</name>
         <load_address>0x8868</load_address>
         <run_address>0x8868</run_address>
         <size>0x90</size>
         <input_file_ref idref="fl-1c"/>
      </object_component>
      <object_component id="oc-28a">
         <name>.const:g_pui32Xtals</name>
         <load_address>0x88f8</load_address>
         <run_address>0x88f8</run_address>
         <size>0x6c</size>
         <input_file_ref idref="fl-27"/>
      </object_component>
      <object_component id="oc-2b9">
         <name>.const:g_ppui32I2CIntMapSnowflake</name>
         <load_address>0x8964</load_address>
         <run_address>0x8964</run_address>
         <size>0x50</size>
         <input_file_ref idref="fl-1e"/>
      </object_component>
      <object_component id="oc-296">
         <name>.const:g_ppui32UARTIntMap</name>
         <load_address>0x89b4</load_address>
         <run_address>0x89b4</run_address>
         <size>0x40</size>
         <input_file_ref idref="fl-2b"/>
      </object_component>
      <object_component id="oc-299">
         <name>.const:g_ppui32UARTIntMapSnowflake</name>
         <load_address>0x89f4</load_address>
         <run_address>0x89f4</run_address>
         <size>0x40</size>
         <input_file_ref idref="fl-2b"/>
      </object_component>
      <object_component id="oc-2b6">
         <name>.const:g_ppui32I2CIntMap</name>
         <load_address>0x8a34</load_address>
         <run_address>0x8a34</run_address>
         <size>0x30</size>
         <input_file_ref idref="fl-1e"/>
      </object_component>
      <object_component id="oc-281">
         <name>.const:g_sXTALtoMEMTIM</name>
         <load_address>0x8a64</load_address>
         <run_address>0x8a64</run_address>
         <size>0x30</size>
         <input_file_ref idref="fl-27"/>
      </object_component>
      <object_component id="oc-2ea">
         <name>.const:g_pui32Priority</name>
         <load_address>0x8a94</load_address>
         <run_address>0x8a94</run_address>
         <size>0x20</size>
         <input_file_ref idref="fl-1f"/>
      </object_component>
      <object_component id="oc-2f3">
         <name>.const:g_pui32Dii16Regs</name>
         <load_address>0x8ab4</load_address>
         <run_address>0x8ab4</run_address>
         <size>0x14</size>
         <input_file_ref idref="fl-1f"/>
      </object_component>
      <object_component id="oc-2f0">
         <name>.const:g_pui32EnRegs</name>
         <load_address>0x8ac8</load_address>
         <run_address>0x8ac8</run_address>
         <size>0x14</size>
         <input_file_ref idref="fl-1f"/>
      </object_component>
      <object_component id="oc-2f6">
         <name>.const:g_pui32PendRegs</name>
         <load_address>0x8adc</load_address>
         <run_address>0x8adc</run_address>
         <size>0x14</size>
         <input_file_ref idref="fl-1f"/>
      </object_component>
      <object_component id="oc-2f9">
         <name>.const:g_pui32UnpendRegs</name>
         <load_address>0x8af0</load_address>
         <run_address>0x8af0</run_address>
         <size>0x14</size>
         <input_file_ref idref="fl-1f"/>
      </object_component>
      <object_component id="oc-323">
         <name>.const:.string</name>
         <load_address>0x8b04</load_address>
         <run_address>0x8b04</run_address>
         <size>0x12</size>
         <input_file_ref idref="fl-30"/>
      </object_component>
      <object_component id="oc-2a4">
         <name>.const:g_ui32UARTBase</name>
         <load_address>0x8b18</load_address>
         <run_address>0x8b18</run_address>
         <size>0xc</size>
         <input_file_ref idref="fl-30"/>
      </object_component>
      <object_component id="oc-29e">
         <name>.const:g_ui32UARTPeriph</name>
         <load_address>0x8b24</load_address>
         <run_address>0x8b24</run_address>
         <size>0xc</size>
         <input_file_ref idref="fl-30"/>
      </object_component>
      <object_component id="oc-290">
         <name>.const:g_pui32VCOFrequencies</name>
         <load_address>0x8b30</load_address>
         <run_address>0x8b30</run_address>
         <size>0x8</size>
         <input_file_ref idref="fl-27"/>
      </object_component>
      <object_component id="oc-79">
         <name>.const</name>
         <load_address>0x8b38</load_address>
         <run_address>0x8b38</run_address>
         <size>0x4</size>
         <input_file_ref idref="fl-c"/>
      </object_component>
      <object_component id="oc-2ac">
         <name>.const</name>
         <load_address>0x8b3c</load_address>
         <run_address>0x8b3c</run_address>
         <size>0x4</size>
         <input_file_ref idref="fl-30"/>
      </object_component>
      <object_component id="oc-37a">
         <name>.cinit..data.load</name>
         <load_address>0x8b40</load_address>
         <run_address>0x8b40</run_address>
         <size>0xf</size>
      </object_component>
      <object_component id="oc-377">
         <name>__TI_handler_table</name>
         <load_address>0x8b50</load_address>
         <run_address>0x8b50</run_address>
         <size>0xc</size>
      </object_component>
      <object_component id="oc-37b">
         <name>.cinit..bss.load</name>
         <load_address>0x8b60</load_address>
         <run_address>0x8b60</run_address>
         <size>0x8</size>
      </object_component>
      <object_component id="oc-379">
         <name>.cinit..vtable.load</name>
         <load_address>0x8b68</load_address>
         <run_address>0x8b68</run_address>
         <size>0x8</size>
      </object_component>
      <object_component id="oc-378">
         <name>__TI_cinit_table</name>
         <load_address>0x8b70</load_address>
         <run_address>0x8b70</run_address>
         <size>0x18</size>
      </object_component>
      <object_component id="oc-2e7">
         <name>.vtable</name>
         <uninitialized>true</uninitialized>
         <run_address>0x20000000</run_address>
         <size>0x26c</size>
         <input_file_ref idref="fl-1f"/>
      </object_component>
      <object_component id="oc-76">
         <name>.data</name>
         <load_address>0x2000c928</load_address>
         <run_address>0x2000c928</run_address>
         <size>0x34</size>
         <input_file_ref idref="fl-a"/>
      </object_component>
      <object_component id="oc-1c0">
         <name>.data</name>
         <load_address>0x2000c95c</load_address>
         <run_address>0x2000c95c</run_address>
         <size>0xc</size>
         <input_file_ref idref="fl-b"/>
      </object_component>
      <object_component id="oc-83">
         <name>.data</name>
         <load_address>0x2000c978</load_address>
         <run_address>0x2000c978</run_address>
         <size>0x4</size>
         <input_file_ref idref="fl-c"/>
      </object_component>
      <object_component id="oc-1a8">
         <name>.data</name>
         <load_address>0x2000c968</load_address>
         <run_address>0x2000c968</run_address>
         <size>0x8</size>
         <input_file_ref idref="fl-e"/>
      </object_component>
      <object_component id="oc-2a1">
         <name>.data</name>
         <load_address>0x2000c970</load_address>
         <run_address>0x2000c970</run_address>
         <size>0x5</size>
         <input_file_ref idref="fl-30"/>
      </object_component>
      <object_component id="oc-20f">
         <name>.bss</name>
         <uninitialized>true</uninitialized>
         <run_address>0x2000c70c</run_address>
         <size>0x4</size>
         <input_file_ref idref="fl-2"/>
      </object_component>
      <object_component id="oc-ec">
         <name>.bss:pxReadyTasksLists</name>
         <uninitialized>true</uninitialized>
         <run_address>0x2000c5bc</run_address>
         <size>0x64</size>
         <input_file_ref idref="fl-a"/>
      </object_component>
      <object_component id="oc-101">
         <name>.bss:xDelayedTaskList1</name>
         <uninitialized>true</uninitialized>
         <run_address>0x2000c688</run_address>
         <size>0x14</size>
         <input_file_ref idref="fl-a"/>
      </object_component>
      <object_component id="oc-104">
         <name>.bss:xDelayedTaskList2</name>
         <uninitialized>true</uninitialized>
         <run_address>0x2000c69c</run_address>
         <size>0x14</size>
         <input_file_ref idref="fl-a"/>
      </object_component>
      <object_component id="oc-f2">
         <name>.bss</name>
         <uninitialized>true</uninitialized>
         <run_address>0x2000c6ec</run_address>
         <size>0x8</size>
         <input_file_ref idref="fl-a"/>
      </object_component>
      <object_component id="oc-fe">
         <name>.bss:xPendingReadyList</name>
         <uninitialized>true</uninitialized>
         <run_address>0x2000c6b0</run_address>
         <size>0x14</size>
         <input_file_ref idref="fl-a"/>
      </object_component>
      <object_component id="oc-ef">
         <name>.bss:xTasksWaitingTermination</name>
         <uninitialized>true</uninitialized>
         <run_address>0x2000c6d8</run_address>
         <size>0x14</size>
         <input_file_ref idref="fl-a"/>
      </object_component>
      <object_component id="oc-f5">
         <name>.bss:xSuspendedTaskList</name>
         <uninitialized>true</uninitialized>
         <run_address>0x2000c6c4</run_address>
         <size>0x14</size>
         <input_file_ref idref="fl-a"/>
      </object_component>
      <object_component id="oc-1c6">
         <name>.bss:xActiveTimerList1</name>
         <uninitialized>true</uninitialized>
         <run_address>0x2000c660</run_address>
         <size>0x14</size>
         <input_file_ref idref="fl-b"/>
      </object_component>
      <object_component id="oc-1c9">
         <name>.bss:xActiveTimerList2</name>
         <uninitialized>true</uninitialized>
         <run_address>0x2000c674</run_address>
         <size>0x14</size>
         <input_file_ref idref="fl-b"/>
      </object_component>
      <object_component id="oc-1c3">
         <name>.bss</name>
         <uninitialized>true</uninitialized>
         <run_address>0x2000c6f4</run_address>
         <size>0x8</size>
         <input_file_ref idref="fl-b"/>
      </object_component>
      <object_component id="oc-1b1">
         <name>.bss:ucHeap</name>
         <uninitialized>true</uninitialized>
         <run_address>0x2000026c</run_address>
         <size>0xc350</size>
         <input_file_ref idref="fl-e"/>
      </object_component>
      <object_component id="oc-1ab">
         <name>.bss:xStart</name>
         <uninitialized>true</uninitialized>
         <run_address>0x2000c704</run_address>
         <size>0x8</size>
         <input_file_ref idref="fl-e"/>
      </object_component>
      <object_component id="oc-1ae">
         <name>.bss:xEnd</name>
         <uninitialized>true</uninitialized>
         <run_address>0x2000c6fc</run_address>
         <size>0x8</size>
         <input_file_ref idref="fl-e"/>
      </object_component>
      <object_component id="oc-14f">
         <name>.common:sync_mutex</name>
         <uninitialized>true</uninitialized>
         <run_address>0x2000c720</run_address>
         <size>0x4</size>
      </object_component>
      <object_component id="oc-149">
         <name>.common:semaphore_led</name>
         <uninitialized>true</uninitialized>
         <run_address>0x2000c718</run_address>
         <size>0x4</size>
      </object_component>
      <object_component id="oc-14e">
         <name>.common:semaphore_temp</name>
         <uninitialized>true</uninitialized>
         <run_address>0x2000c71c</run_address>
         <size>0x4</size>
      </object_component>
      <object_component id="oc-157">
         <name>.common:a_task</name>
         <uninitialized>true</uninitialized>
         <run_address>0x2000c710</run_address>
         <size>0x4</size>
      </object_component>
      <object_component id="oc-150">
         <name>.common:my_queue</name>
         <uninitialized>true</uninitialized>
         <run_address>0x2000c714</run_address>
         <size>0x4</size>
      </object_component>
      <object_component id="oc-1e5">
         <name>.common:xQueueRegistry</name>
         <uninitialized>true</uninitialized>
         <run_address>0x2000c620</run_address>
         <size>0x40</size>
      </object_component>
      <object_component id="oc-21">
         <name>.stack</name>
         <uninitialized>true</uninitialized>
         <run_address>0x2000c728</run_address>
         <size>0x4</size>
         <input_file_ref idref="fl-f5"/>
      </object_component>
      <object_component id="oc-37c">
         <name>.stack</name>
         <uninitialized>true</uninitialized>
         <run_address>0x2000c728</run_address>
         <size>0x0</size>
      </object_component>
      <object_component id="oc-111">
         <name>.debug_info</name>
         <load_address>0x0</load_address>
         <run_address>0x0</run_address>
         <size>0x895</size>
         <input_file_ref idref="fl-2"/>
      </object_component>
      <object_component id="oc-13a">
         <name>.debug_info</name>
         <load_address>0x895</load_address>
         <run_address>0x895</run_address>
         <size>0x69d</size>
         <input_file_ref idref="fl-2"/>
      </object_component>
      <object_component id="oc-d9">
         <name>.debug_info</name>
         <load_address>0xf32</load_address>
         <run_address>0xf32</run_address>
         <size>0x30c</size>
         <input_file_ref idref="fl-2"/>
      </object_component>
      <object_component id="oc-211">
         <name>.debug_info</name>
         <load_address>0x123e</load_address>
         <run_address>0x123e</run_address>
         <size>0x86</size>
         <input_file_ref idref="fl-2"/>
      </object_component>
      <object_component id="oc-99">
         <name>.debug_info</name>
         <load_address>0x12c4</load_address>
         <run_address>0x12c4</run_address>
         <size>0x26b</size>
         <input_file_ref idref="fl-2"/>
      </object_component>
      <object_component id="oc-9e">
         <name>.debug_info</name>
         <load_address>0x152f</load_address>
         <run_address>0x152f</run_address>
         <size>0x3cd</size>
         <input_file_ref idref="fl-2"/>
      </object_component>
      <object_component id="oc-113">
         <name>.debug_info</name>
         <load_address>0x18fc</load_address>
         <run_address>0x18fc</run_address>
         <size>0x8b</size>
         <input_file_ref idref="fl-2"/>
      </object_component>
      <object_component id="oc-1e0">
         <name>.debug_info</name>
         <load_address>0x1987</load_address>
         <run_address>0x1987</run_address>
         <size>0x46</size>
         <input_file_ref idref="fl-2"/>
      </object_component>
      <object_component id="oc-1db">
         <name>.debug_info</name>
         <load_address>0x19cd</load_address>
         <run_address>0x19cd</run_address>
         <size>0x2c</size>
         <input_file_ref idref="fl-2"/>
      </object_component>
      <object_component id="oc-199">
         <name>.debug_info</name>
         <load_address>0x19f9</load_address>
         <run_address>0x19f9</run_address>
         <size>0x46</size>
         <input_file_ref idref="fl-2"/>
      </object_component>
      <object_component id="oc-88">
         <name>.debug_info</name>
         <load_address>0x1a3f</load_address>
         <run_address>0x1a3f</run_address>
         <size>0x2c</size>
         <input_file_ref idref="fl-2"/>
      </object_component>
      <object_component id="oc-118">
         <name>.debug_info</name>
         <load_address>0x1a6b</load_address>
         <run_address>0x1a6b</run_address>
         <size>0x297</size>
         <input_file_ref idref="fl-2"/>
      </object_component>
      <object_component id="oc-279">
         <name>.debug_info</name>
         <load_address>0x1d02</load_address>
         <run_address>0x1d02</run_address>
         <size>0xef</size>
         <input_file_ref idref="fl-2"/>
      </object_component>
      <object_component id="oc-94">
         <name>.debug_info</name>
         <load_address>0x1df1</load_address>
         <run_address>0x1df1</run_address>
         <size>0xbb</size>
         <input_file_ref idref="fl-2"/>
      </object_component>
      <object_component id="oc-8d">
         <name>.debug_info</name>
         <load_address>0x1eac</load_address>
         <run_address>0x1eac</run_address>
         <size>0x53</size>
         <input_file_ref idref="fl-2"/>
      </object_component>
      <object_component id="oc-2b1">
         <name>.debug_info</name>
         <load_address>0x1eff</load_address>
         <run_address>0x1eff</run_address>
         <size>0x2c</size>
         <input_file_ref idref="fl-2"/>
      </object_component>
      <object_component id="oc-10c">
         <name>.debug_info</name>
         <load_address>0x1f2b</load_address>
         <run_address>0x1f2b</run_address>
         <size>0x14c</size>
         <input_file_ref idref="fl-2"/>
      </object_component>
      <object_component id="oc-14a">
         <name>.debug_info</name>
         <load_address>0x2077</load_address>
         <run_address>0x2077</run_address>
         <size>0x6ed</size>
         <input_file_ref idref="fl-3"/>
      </object_component>
      <object_component id="oc-c5">
         <name>.debug_info</name>
         <load_address>0x2764</load_address>
         <run_address>0x2764</run_address>
         <size>0x4ce</size>
         <input_file_ref idref="fl-3"/>
      </object_component>
      <object_component id="oc-14c">
         <name>.debug_info</name>
         <load_address>0x2c32</load_address>
         <run_address>0x2c32</run_address>
         <size>0x6a1</size>
         <input_file_ref idref="fl-4"/>
      </object_component>
      <object_component id="oc-152">
         <name>.debug_info</name>
         <load_address>0x32d3</load_address>
         <run_address>0x32d3</run_address>
         <size>0x50d</size>
         <input_file_ref idref="fl-4"/>
      </object_component>
      <object_component id="oc-1a3">
         <name>.debug_info</name>
         <load_address>0x37e0</load_address>
         <run_address>0x37e0</run_address>
         <size>0x110</size>
         <input_file_ref idref="fl-4"/>
      </object_component>
      <object_component id="oc-3e">
         <name>.debug_info</name>
         <load_address>0x38f0</load_address>
         <run_address>0x38f0</run_address>
         <size>0x84</size>
         <input_file_ref idref="fl-4"/>
      </object_component>
      <object_component id="oc-37">
         <name>.debug_info</name>
         <load_address>0x3974</load_address>
         <run_address>0x3974</run_address>
         <size>0x3c7</size>
         <input_file_ref idref="fl-5"/>
      </object_component>
      <object_component id="oc-10">
         <name>.debug_info</name>
         <load_address>0x3d3b</load_address>
         <run_address>0x3d3b</run_address>
         <size>0xf0</size>
         <input_file_ref idref="fl-5"/>
      </object_component>
      <object_component id="oc-25">
         <name>.debug_info</name>
         <load_address>0x3e2b</load_address>
         <run_address>0x3e2b</run_address>
         <size>0x26f</size>
         <input_file_ref idref="fl-5"/>
      </object_component>
      <object_component id="oc-1b7">
         <name>.debug_info</name>
         <load_address>0x409a</load_address>
         <run_address>0x409a</run_address>
         <size>0x34c</size>
         <input_file_ref idref="fl-8"/>
      </object_component>
      <object_component id="oc-e7">
         <name>.debug_info</name>
         <load_address>0x43e6</load_address>
         <run_address>0x43e6</run_address>
         <size>0x4ab</size>
         <input_file_ref idref="fl-8"/>
      </object_component>
      <object_component id="oc-1e6">
         <name>.debug_info</name>
         <load_address>0x4891</load_address>
         <run_address>0x4891</run_address>
         <size>0x7f7</size>
         <input_file_ref idref="fl-9"/>
      </object_component>
      <object_component id="oc-12e">
         <name>.debug_info</name>
         <load_address>0x5088</load_address>
         <run_address>0x5088</run_address>
         <size>0x2d44</size>
         <input_file_ref idref="fl-9"/>
      </object_component>
      <object_component id="oc-264">
         <name>.debug_info</name>
         <load_address>0x7dcc</load_address>
         <run_address>0x7dcc</run_address>
         <size>0x1cd</size>
         <input_file_ref idref="fl-9"/>
      </object_component>
      <object_component id="oc-d8">
         <name>.debug_info</name>
         <load_address>0x7f99</load_address>
         <run_address>0x7f99</run_address>
         <size>0x758</size>
         <input_file_ref idref="fl-a"/>
      </object_component>
      <object_component id="oc-77">
         <name>.debug_info</name>
         <load_address>0x86f1</load_address>
         <run_address>0x86f1</run_address>
         <size>0x348</size>
         <input_file_ref idref="fl-a"/>
      </object_component>
      <object_component id="oc-ed">
         <name>.debug_info</name>
         <load_address>0x8a39</load_address>
         <run_address>0x8a39</run_address>
         <size>0xef</size>
         <input_file_ref idref="fl-a"/>
      </object_component>
      <object_component id="oc-102">
         <name>.debug_info</name>
         <load_address>0x8b28</load_address>
         <run_address>0x8b28</run_address>
         <size>0xef</size>
         <input_file_ref idref="fl-a"/>
      </object_component>
      <object_component id="oc-105">
         <name>.debug_info</name>
         <load_address>0x8c17</load_address>
         <run_address>0x8c17</run_address>
         <size>0xef</size>
         <input_file_ref idref="fl-a"/>
      </object_component>
      <object_component id="oc-f3">
         <name>.debug_info</name>
         <load_address>0x8d06</load_address>
         <run_address>0x8d06</run_address>
         <size>0x132</size>
         <input_file_ref idref="fl-a"/>
      </object_component>
      <object_component id="oc-ff">
         <name>.debug_info</name>
         <load_address>0x8e38</load_address>
         <run_address>0x8e38</run_address>
         <size>0xef</size>
         <input_file_ref idref="fl-a"/>
      </object_component>
      <object_component id="oc-f0">
         <name>.debug_info</name>
         <load_address>0x8f27</load_address>
         <run_address>0x8f27</run_address>
         <size>0xfd</size>
         <input_file_ref idref="fl-a"/>
      </object_component>
      <object_component id="oc-f6">
         <name>.debug_info</name>
         <load_address>0x9024</load_address>
         <run_address>0x9024</run_address>
         <size>0xf1</size>
         <input_file_ref idref="fl-a"/>
      </object_component>
      <object_component id="oc-7d">
         <name>.debug_info</name>
         <load_address>0x9115</load_address>
         <run_address>0x9115</run_address>
         <size>0x467a</size>
         <input_file_ref idref="fl-a"/>
      </object_component>
      <object_component id="oc-19e">
         <name>.debug_info</name>
         <load_address>0xd78f</load_address>
         <run_address>0xd78f</run_address>
         <size>0x146</size>
         <input_file_ref idref="fl-a"/>
      </object_component>
      <object_component id="oc-1cd">
         <name>.debug_info</name>
         <load_address>0xd8d5</load_address>
         <run_address>0xd8d5</run_address>
         <size>0x82c</size>
         <input_file_ref idref="fl-b"/>
      </object_component>
      <object_component id="oc-1c7">
         <name>.debug_info</name>
         <load_address>0xe101</load_address>
         <run_address>0xe101</run_address>
         <size>0xef</size>
         <input_file_ref idref="fl-b"/>
      </object_component>
      <object_component id="oc-1ca">
         <name>.debug_info</name>
         <load_address>0xe1f0</load_address>
         <run_address>0xe1f0</run_address>
         <size>0xef</size>
         <input_file_ref idref="fl-b"/>
      </object_component>
      <object_component id="oc-1c4">
         <name>.debug_info</name>
         <load_address>0xe2df</load_address>
         <run_address>0xe2df</run_address>
         <size>0x127</size>
         <input_file_ref idref="fl-b"/>
      </object_component>
      <object_component id="oc-1c1">
         <name>.debug_info</name>
         <load_address>0xe406</load_address>
         <run_address>0xe406</run_address>
         <size>0x113</size>
         <input_file_ref idref="fl-b"/>
      </object_component>
      <object_component id="oc-f9">
         <name>.debug_info</name>
         <load_address>0xe519</load_address>
         <run_address>0xe519</run_address>
         <size>0x1aee</size>
         <input_file_ref idref="fl-b"/>
      </object_component>
      <object_component id="oc-1ce">
         <name>.debug_info</name>
         <load_address>0x10007</load_address>
         <run_address>0x10007</run_address>
         <size>0x1ce</size>
         <input_file_ref idref="fl-b"/>
      </object_component>
      <object_component id="oc-87">
         <name>.debug_info</name>
         <load_address>0x101d5</load_address>
         <run_address>0x101d5</run_address>
         <size>0x3e1</size>
         <input_file_ref idref="fl-c"/>
      </object_component>
      <object_component id="oc-7a">
         <name>.debug_info</name>
         <load_address>0x105b6</load_address>
         <run_address>0x105b6</run_address>
         <size>0x11c</size>
         <input_file_ref idref="fl-c"/>
      </object_component>
      <object_component id="oc-84">
         <name>.debug_info</name>
         <load_address>0x106d2</load_address>
         <run_address>0x106d2</run_address>
         <size>0x103</size>
         <input_file_ref idref="fl-c"/>
      </object_component>
      <object_component id="oc-30">
         <name>.debug_info</name>
         <load_address>0x107d5</load_address>
         <run_address>0x107d5</run_address>
         <size>0x6b6</size>
         <input_file_ref idref="fl-c"/>
      </object_component>
      <object_component id="oc-2b">
         <name>.debug_info</name>
         <load_address>0x10e8b</load_address>
         <run_address>0x10e8b</run_address>
         <size>0x251</size>
         <input_file_ref idref="fl-d"/>
      </object_component>
      <object_component id="oc-1b5">
         <name>.debug_info</name>
         <load_address>0x110dc</load_address>
         <run_address>0x110dc</run_address>
         <size>0x3f0</size>
         <input_file_ref idref="fl-e"/>
      </object_component>
      <object_component id="oc-1b2">
         <name>.debug_info</name>
         <load_address>0x114cc</load_address>
         <run_address>0x114cc</run_address>
         <size>0xea</size>
         <input_file_ref idref="fl-e"/>
      </object_component>
      <object_component id="oc-1ac">
         <name>.debug_info</name>
         <load_address>0x115b6</load_address>
         <run_address>0x115b6</run_address>
         <size>0xea</size>
         <input_file_ref idref="fl-e"/>
      </object_component>
      <object_component id="oc-1af">
         <name>.debug_info</name>
         <load_address>0x116a0</load_address>
         <run_address>0x116a0</run_address>
         <size>0xe6</size>
         <input_file_ref idref="fl-e"/>
      </object_component>
      <object_component id="oc-1a9">
         <name>.debug_info</name>
         <load_address>0x11786</load_address>
         <run_address>0x11786</run_address>
         <size>0x104</size>
         <input_file_ref idref="fl-e"/>
      </object_component>
      <object_component id="oc-e1">
         <name>.debug_info</name>
         <load_address>0x1188a</load_address>
         <run_address>0x1188a</run_address>
         <size>0x66d</size>
         <input_file_ref idref="fl-e"/>
      </object_component>
      <object_component id="oc-24b">
         <name>.debug_info</name>
         <load_address>0x11ef7</load_address>
         <run_address>0x11ef7</run_address>
         <size>0x62</size>
         <input_file_ref idref="fl-e"/>
      </object_component>
      <object_component id="oc-285">
         <name>.debug_info</name>
         <load_address>0x11f59</load_address>
         <run_address>0x11f59</run_address>
         <size>0x33c</size>
         <input_file_ref idref="fl-13"/>
      </object_component>
      <object_component id="oc-27e">
         <name>.debug_info</name>
         <load_address>0x12295</load_address>
         <run_address>0x12295</run_address>
         <size>0x37f</size>
         <input_file_ref idref="fl-1c"/>
      </object_component>
      <object_component id="oc-26a">
         <name>.debug_info</name>
         <load_address>0x12614</load_address>
         <run_address>0x12614</run_address>
         <size>0x100</size>
         <input_file_ref idref="fl-1c"/>
      </object_component>
      <object_component id="oc-26d">
         <name>.debug_info</name>
         <load_address>0x12714</load_address>
         <run_address>0x12714</run_address>
         <size>0x102</size>
         <input_file_ref idref="fl-1c"/>
      </object_component>
      <object_component id="oc-276">
         <name>.debug_info</name>
         <load_address>0x12816</load_address>
         <run_address>0x12816</run_address>
         <size>0xf4</size>
         <input_file_ref idref="fl-1c"/>
      </object_component>
      <object_component id="oc-1ea">
         <name>.debug_info</name>
         <load_address>0x1290a</load_address>
         <run_address>0x1290a</run_address>
         <size>0x3866</size>
         <input_file_ref idref="fl-1c"/>
      </object_component>
      <object_component id="oc-2bd">
         <name>.debug_info</name>
         <load_address>0x16170</load_address>
         <run_address>0x16170</run_address>
         <size>0x380</size>
         <input_file_ref idref="fl-1e"/>
      </object_component>
      <object_component id="oc-2b7">
         <name>.debug_info</name>
         <load_address>0x164f0</load_address>
         <run_address>0x164f0</run_address>
         <size>0xed</size>
         <input_file_ref idref="fl-1e"/>
      </object_component>
      <object_component id="oc-2ba">
         <name>.debug_info</name>
         <load_address>0x165dd</load_address>
         <run_address>0x165dd</run_address>
         <size>0xff</size>
         <input_file_ref idref="fl-1e"/>
      </object_component>
      <object_component id="oc-204">
         <name>.debug_info</name>
         <load_address>0x166dc</load_address>
         <run_address>0x166dc</run_address>
         <size>0x3359</size>
         <input_file_ref idref="fl-1e"/>
      </object_component>
      <object_component id="oc-2fd">
         <name>.debug_info</name>
         <load_address>0x19a35</load_address>
         <run_address>0x19a35</run_address>
         <size>0x36c</size>
         <input_file_ref idref="fl-1f"/>
      </object_component>
      <object_component id="oc-2eb">
         <name>.debug_info</name>
         <load_address>0x19da1</load_address>
         <run_address>0x19da1</run_address>
         <size>0xef</size>
         <input_file_ref idref="fl-1f"/>
      </object_component>
      <object_component id="oc-2ee">
         <name>.debug_info</name>
         <load_address>0x19e90</load_address>
         <run_address>0x19e90</run_address>
         <size>0xe7</size>
         <input_file_ref idref="fl-1f"/>
      </object_component>
      <object_component id="oc-2f1">
         <name>.debug_info</name>
         <load_address>0x19f77</load_address>
         <run_address>0x19f77</run_address>
         <size>0xeb</size>
         <input_file_ref idref="fl-1f"/>
      </object_component>
      <object_component id="oc-2f4">
         <name>.debug_info</name>
         <load_address>0x1a062</load_address>
         <run_address>0x1a062</run_address>
         <size>0xf1</size>
         <input_file_ref idref="fl-1f"/>
      </object_component>
      <object_component id="oc-2f7">
         <name>.debug_info</name>
         <load_address>0x1a153</load_address>
         <run_address>0x1a153</run_address>
         <size>0xef</size>
         <input_file_ref idref="fl-1f"/>
      </object_component>
      <object_component id="oc-2fa">
         <name>.debug_info</name>
         <load_address>0x1a242</load_address>
         <run_address>0x1a242</run_address>
         <size>0xf3</size>
         <input_file_ref idref="fl-1f"/>
      </object_component>
      <object_component id="oc-2e8">
         <name>.debug_info</name>
         <load_address>0x1a335</load_address>
         <run_address>0x1a335</run_address>
         <size>0xf0</size>
         <input_file_ref idref="fl-1f"/>
      </object_component>
      <object_component id="oc-270">
         <name>.debug_info</name>
         <load_address>0x1a425</load_address>
         <run_address>0x1a425</run_address>
         <size>0xdb0</size>
         <input_file_ref idref="fl-1f"/>
      </object_component>
      <object_component id="oc-295">
         <name>.debug_info</name>
         <load_address>0x1b1d5</load_address>
         <run_address>0x1b1d5</run_address>
         <size>0x3dd</size>
         <input_file_ref idref="fl-27"/>
      </object_component>
      <object_component id="oc-28b">
         <name>.debug_info</name>
         <load_address>0x1b5b2</load_address>
         <run_address>0x1b5b2</run_address>
         <size>0xe6</size>
         <input_file_ref idref="fl-27"/>
      </object_component>
      <object_component id="oc-28e">
         <name>.debug_info</name>
         <load_address>0x1b698</load_address>
         <run_address>0x1b698</run_address>
         <size>0xf2</size>
         <input_file_ref idref="fl-27"/>
      </object_component>
      <object_component id="oc-282">
         <name>.debug_info</name>
         <load_address>0x1b78a</load_address>
         <run_address>0x1b78a</run_address>
         <size>0xec</size>
         <input_file_ref idref="fl-27"/>
      </object_component>
      <object_component id="oc-291">
         <name>.debug_info</name>
         <load_address>0x1b876</load_address>
         <run_address>0x1b876</run_address>
         <size>0xf9</size>
         <input_file_ref idref="fl-27"/>
      </object_component>
      <object_component id="oc-1f2">
         <name>.debug_info</name>
         <load_address>0x1b96f</load_address>
         <run_address>0x1b96f</run_address>
         <size>0x2c7d</size>
         <input_file_ref idref="fl-27"/>
      </object_component>
      <object_component id="oc-30d">
         <name>.debug_info</name>
         <load_address>0x1e5ec</load_address>
         <run_address>0x1e5ec</run_address>
         <size>0x51</size>
         <input_file_ref idref="fl-27"/>
      </object_component>
      <object_component id="oc-29d">
         <name>.debug_info</name>
         <load_address>0x1e63d</load_address>
         <run_address>0x1e63d</run_address>
         <size>0x371</size>
         <input_file_ref idref="fl-2b"/>
      </object_component>
      <object_component id="oc-297">
         <name>.debug_info</name>
         <load_address>0x1e9ae</load_address>
         <run_address>0x1e9ae</run_address>
         <size>0xf0</size>
         <input_file_ref idref="fl-2b"/>
      </object_component>
      <object_component id="oc-29a">
         <name>.debug_info</name>
         <load_address>0x1ea9e</load_address>
         <run_address>0x1ea9e</run_address>
         <size>0x102</size>
         <input_file_ref idref="fl-2b"/>
      </object_component>
      <object_component id="oc-1f8">
         <name>.debug_info</name>
         <load_address>0x1eba0</load_address>
         <run_address>0x1eba0</run_address>
         <size>0x2e0c</size>
         <input_file_ref idref="fl-2b"/>
      </object_component>
      <object_component id="oc-1f0">
         <name>.debug_info</name>
         <load_address>0x219ac</load_address>
         <run_address>0x219ac</run_address>
         <size>0x357</size>
         <input_file_ref idref="fl-2f"/>
      </object_component>
      <object_component id="oc-134">
         <name>.debug_info</name>
         <load_address>0x21d03</load_address>
         <run_address>0x21d03</run_address>
         <size>0x503</size>
         <input_file_ref idref="fl-2f"/>
      </object_component>
      <object_component id="oc-2b0">
         <name>.debug_info</name>
         <load_address>0x22206</load_address>
         <run_address>0x22206</run_address>
         <size>0x2c9</size>
         <input_file_ref idref="fl-30"/>
      </object_component>
      <object_component id="oc-2a2">
         <name>.debug_info</name>
         <load_address>0x224cf</load_address>
         <run_address>0x224cf</run_address>
         <size>0xe1</size>
         <input_file_ref idref="fl-30"/>
      </object_component>
      <object_component id="oc-2ad">
         <name>.debug_info</name>
         <load_address>0x225b0</load_address>
         <run_address>0x225b0</run_address>
         <size>0xdb</size>
         <input_file_ref idref="fl-30"/>
      </object_component>
      <object_component id="oc-2a5">
         <name>.debug_info</name>
         <load_address>0x2268b</load_address>
         <run_address>0x2268b</run_address>
         <size>0xe9</size>
         <input_file_ref idref="fl-30"/>
      </object_component>
      <object_component id="oc-29f">
         <name>.debug_info</name>
         <load_address>0x22774</load_address>
         <run_address>0x22774</run_address>
         <size>0xed</size>
         <input_file_ref idref="fl-30"/>
      </object_component>
      <object_component id="oc-1fe">
         <name>.debug_info</name>
         <load_address>0x22861</load_address>
         <run_address>0x22861</run_address>
         <size>0x7c1</size>
         <input_file_ref idref="fl-30"/>
      </object_component>
      <object_component id="oc-21d">
         <name>.debug_info</name>
         <load_address>0x23022</load_address>
         <run_address>0x23022</run_address>
         <size>0x12e</size>
         <input_file_ref idref="fl-ea"/>
      </object_component>
      <object_component id="oc-145">
         <name>.debug_info</name>
         <load_address>0x23150</load_address>
         <run_address>0x23150</run_address>
         <size>0x13e</size>
         <input_file_ref idref="fl-eb"/>
      </object_component>
      <object_component id="oc-222">
         <name>.debug_info</name>
         <load_address>0x2328e</load_address>
         <run_address>0x2328e</run_address>
         <size>0x13d</size>
         <input_file_ref idref="fl-ec"/>
      </object_component>
      <object_component id="oc-140">
         <name>.debug_info</name>
         <load_address>0x233cb</load_address>
         <run_address>0x233cb</run_address>
         <size>0x130</size>
         <input_file_ref idref="fl-ed"/>
      </object_component>
      <object_component id="oc-44">
         <name>.debug_info</name>
         <load_address>0x234fb</load_address>
         <run_address>0x234fb</run_address>
         <size>0x11d</size>
         <input_file_ref idref="fl-ee"/>
      </object_component>
      <object_component id="oc-2a8">
         <name>.debug_info</name>
         <load_address>0x23618</load_address>
         <run_address>0x23618</run_address>
         <size>0x146</size>
         <input_file_ref idref="fl-ef"/>
      </object_component>
      <object_component id="oc-b9">
         <name>.debug_info</name>
         <load_address>0x2375e</load_address>
         <run_address>0x2375e</run_address>
         <size>0x14b</size>
         <input_file_ref idref="fl-f0"/>
      </object_component>
      <object_component id="oc-b7">
         <name>.debug_info</name>
         <load_address>0x238a9</load_address>
         <run_address>0x238a9</run_address>
         <size>0x2d8</size>
         <input_file_ref idref="fl-f1"/>
      </object_component>
      <object_component id="oc-56">
         <name>.debug_info</name>
         <load_address>0x23b81</load_address>
         <run_address>0x23b81</run_address>
         <size>0x1b9</size>
         <input_file_ref idref="fl-f1"/>
      </object_component>
      <object_component id="oc-b2">
         <name>.debug_info</name>
         <load_address>0x23d3a</load_address>
         <run_address>0x23d3a</run_address>
         <size>0x46</size>
         <input_file_ref idref="fl-f1"/>
      </object_component>
      <object_component id="oc-124">
         <name>.debug_info</name>
         <load_address>0x23d80</load_address>
         <run_address>0x23d80</run_address>
         <size>0x2c</size>
         <input_file_ref idref="fl-f1"/>
      </object_component>
      <object_component id="oc-4e">
         <name>.debug_info</name>
         <load_address>0x23dac</load_address>
         <run_address>0x23dac</run_address>
         <size>0x2ac</size>
         <input_file_ref idref="fl-f2"/>
      </object_component>
      <object_component id="oc-19">
         <name>.debug_info</name>
         <load_address>0x24058</load_address>
         <run_address>0x24058</run_address>
         <size>0x1ee</size>
         <input_file_ref idref="fl-f2"/>
      </object_component>
      <object_component id="oc-49">
         <name>.debug_info</name>
         <load_address>0x24246</load_address>
         <run_address>0x24246</run_address>
         <size>0x46</size>
         <input_file_ref idref="fl-f2"/>
      </object_component>
      <object_component id="oc-aa">
         <name>.debug_info</name>
         <load_address>0x2428c</load_address>
         <run_address>0x2428c</run_address>
         <size>0x2c</size>
         <input_file_ref idref="fl-f2"/>
      </object_component>
      <object_component id="oc-a8">
         <name>.debug_info</name>
         <load_address>0x242b8</load_address>
         <run_address>0x242b8</run_address>
         <size>0x2a2</size>
         <input_file_ref idref="fl-f3"/>
      </object_component>
      <object_component id="oc-13">
         <name>.debug_info</name>
         <load_address>0x2455a</load_address>
         <run_address>0x2455a</run_address>
         <size>0x254</size>
         <input_file_ref idref="fl-f3"/>
      </object_component>
      <object_component id="oc-39">
         <name>.debug_info</name>
         <load_address>0x247ae</load_address>
         <run_address>0x247ae</run_address>
         <size>0x60</size>
         <input_file_ref idref="fl-f3"/>
      </object_component>
      <object_component id="oc-11d">
         <name>.debug_info</name>
         <load_address>0x2480e</load_address>
         <run_address>0x2480e</run_address>
         <size>0x46</size>
         <input_file_ref idref="fl-f3"/>
      </object_component>
      <object_component id="oc-a3">
         <name>.debug_info</name>
         <load_address>0x24854</load_address>
         <run_address>0x24854</run_address>
         <size>0x39</size>
         <input_file_ref idref="fl-f3"/>
      </object_component>
      <object_component id="oc-2bf">
         <name>.debug_info</name>
         <load_address>0x2488d</load_address>
         <run_address>0x2488d</run_address>
         <size>0x2a8</size>
         <input_file_ref idref="fl-f4"/>
      </object_component>
      <object_component id="oc-20a">
         <name>.debug_info</name>
         <load_address>0x24b35</load_address>
         <run_address>0x24b35</run_address>
         <size>0x256</size>
         <input_file_ref idref="fl-f4"/>
      </object_component>
      <object_component id="oc-22">
         <name>.debug_info</name>
         <load_address>0x24d8b</load_address>
         <run_address>0x24d8b</run_address>
         <size>0x10f</size>
         <input_file_ref idref="fl-f5"/>
      </object_component>
      <object_component id="oc-62">
         <name>.debug_info</name>
         <load_address>0x24e9a</load_address>
         <run_address>0x24e9a</run_address>
         <size>0x1ad</size>
         <input_file_ref idref="fl-f5"/>
      </object_component>
      <object_component id="oc-31e">
         <name>.debug_info</name>
         <load_address>0x25047</load_address>
         <run_address>0x25047</run_address>
         <size>0x119</size>
         <input_file_ref idref="fl-f6"/>
      </object_component>
      <object_component id="oc-232">
         <name>.debug_info</name>
         <load_address>0x25160</load_address>
         <run_address>0x25160</run_address>
         <size>0x4b7</size>
         <input_file_ref idref="fl-f7"/>
      </object_component>
      <object_component id="oc-166">
         <name>.debug_info</name>
         <load_address>0x25617</load_address>
         <run_address>0x25617</run_address>
         <size>0x1aa</size>
         <input_file_ref idref="fl-f7"/>
      </object_component>
      <object_component id="oc-2d2">
         <name>.debug_info</name>
         <load_address>0x257c1</load_address>
         <run_address>0x257c1</run_address>
         <size>0x39</size>
         <input_file_ref idref="fl-f7"/>
      </object_component>
      <object_component id="oc-333">
         <name>.debug_info</name>
         <load_address>0x257fa</load_address>
         <run_address>0x257fa</run_address>
         <size>0x39</size>
         <input_file_ref idref="fl-f7"/>
      </object_component>
      <object_component id="oc-2d7">
         <name>.debug_info</name>
         <load_address>0x25833</load_address>
         <run_address>0x25833</run_address>
         <size>0x39</size>
         <input_file_ref idref="fl-f7"/>
      </object_component>
      <object_component id="oc-2dc">
         <name>.debug_info</name>
         <load_address>0x2586c</load_address>
         <run_address>0x2586c</run_address>
         <size>0xcd</size>
         <input_file_ref idref="fl-f7"/>
      </object_component>
      <object_component id="oc-bf">
         <name>.debug_info</name>
         <load_address>0x25939</load_address>
         <run_address>0x25939</run_address>
         <size>0x157</size>
         <input_file_ref idref="fl-f8"/>
      </object_component>
      <object_component id="oc-15a">
         <name>.debug_info</name>
         <load_address>0x25a90</load_address>
         <run_address>0x25a90</run_address>
         <size>0x126</size>
         <input_file_ref idref="fl-fa"/>
      </object_component>
      <object_component id="oc-37d">
         <name>.debug_info</name>
         <load_address>0x25bb6</load_address>
         <run_address>0x25bb6</run_address>
         <size>0xa2</size>
      </object_component>
      <object_component id="oc-1da">
         <name>.debug_line</name>
         <load_address>0x0</load_address>
         <run_address>0x0</run_address>
         <size>0x1ce</size>
         <input_file_ref idref="fl-2"/>
      </object_component>
      <object_component id="oc-13d">
         <name>.debug_line</name>
         <load_address>0x1ce</load_address>
         <run_address>0x1ce</run_address>
         <size>0x103</size>
         <input_file_ref idref="fl-2"/>
      </object_component>
      <object_component id="oc-dc">
         <name>.debug_line</name>
         <load_address>0x2d1</load_address>
         <run_address>0x2d1</run_address>
         <size>0x66</size>
         <input_file_ref idref="fl-2"/>
      </object_component>
      <object_component id="oc-214">
         <name>.debug_line</name>
         <load_address>0x337</load_address>
         <run_address>0x337</run_address>
         <size>0x31</size>
         <input_file_ref idref="fl-2"/>
      </object_component>
      <object_component id="oc-9c">
         <name>.debug_line</name>
         <load_address>0x368</load_address>
         <run_address>0x368</run_address>
         <size>0x77</size>
         <input_file_ref idref="fl-2"/>
      </object_component>
      <object_component id="oc-a1">
         <name>.debug_line</name>
         <load_address>0x3df</load_address>
         <run_address>0x3df</run_address>
         <size>0x6a</size>
         <input_file_ref idref="fl-2"/>
      </object_component>
      <object_component id="oc-116">
         <name>.debug_line</name>
         <load_address>0x449</load_address>
         <run_address>0x449</run_address>
         <size>0x20</size>
         <input_file_ref idref="fl-2"/>
      </object_component>
      <object_component id="oc-1e3">
         <name>.debug_line</name>
         <load_address>0x469</load_address>
         <run_address>0x469</run_address>
         <size>0x67</size>
         <input_file_ref idref="fl-2"/>
      </object_component>
      <object_component id="oc-1de">
         <name>.debug_line</name>
         <load_address>0x4d0</load_address>
         <run_address>0x4d0</run_address>
         <size>0x68</size>
         <input_file_ref idref="fl-2"/>
      </object_component>
      <object_component id="oc-19c">
         <name>.debug_line</name>
         <load_address>0x538</load_address>
         <run_address>0x538</run_address>
         <size>0x68</size>
         <input_file_ref idref="fl-2"/>
      </object_component>
      <object_component id="oc-8b">
         <name>.debug_line</name>
         <load_address>0x5a0</load_address>
         <run_address>0x5a0</run_address>
         <size>0x6a</size>
         <input_file_ref idref="fl-2"/>
      </object_component>
      <object_component id="oc-11b">
         <name>.debug_line</name>
         <load_address>0x60a</load_address>
         <run_address>0x60a</run_address>
         <size>0x7b</size>
         <input_file_ref idref="fl-2"/>
      </object_component>
      <object_component id="oc-27c">
         <name>.debug_line</name>
         <load_address>0x685</load_address>
         <run_address>0x685</run_address>
         <size>0x77</size>
         <input_file_ref idref="fl-2"/>
      </object_component>
      <object_component id="oc-97">
         <name>.debug_line</name>
         <load_address>0x6fc</load_address>
         <run_address>0x6fc</run_address>
         <size>0x78</size>
         <input_file_ref idref="fl-2"/>
      </object_component>
      <object_component id="oc-90">
         <name>.debug_line</name>
         <load_address>0x774</load_address>
         <run_address>0x774</run_address>
         <size>0x79</size>
         <input_file_ref idref="fl-2"/>
      </object_component>
      <object_component id="oc-2b4">
         <name>.debug_line</name>
         <load_address>0x7ed</load_address>
         <run_address>0x7ed</run_address>
         <size>0x73</size>
         <input_file_ref idref="fl-2"/>
      </object_component>
      <object_component id="oc-10f">
         <name>.debug_line</name>
         <load_address>0x860</load_address>
         <run_address>0x860</run_address>
         <size>0x66</size>
         <input_file_ref idref="fl-2"/>
      </object_component>
      <object_component id="oc-219">
         <name>.debug_line</name>
         <load_address>0x8c6</load_address>
         <run_address>0x8c6</run_address>
         <size>0xe2</size>
         <input_file_ref idref="fl-3"/>
      </object_component>
      <object_component id="oc-c8">
         <name>.debug_line</name>
         <load_address>0x9a8</load_address>
         <run_address>0x9a8</run_address>
         <size>0x112</size>
         <input_file_ref idref="fl-3"/>
      </object_component>
      <object_component id="oc-21b">
         <name>.debug_line</name>
         <load_address>0xaba</load_address>
         <run_address>0xaba</run_address>
         <size>0x19d</size>
         <input_file_ref idref="fl-4"/>
      </object_component>
      <object_component id="oc-155">
         <name>.debug_line</name>
         <load_address>0xc57</load_address>
         <run_address>0xc57</run_address>
         <size>0xca</size>
         <input_file_ref idref="fl-4"/>
      </object_component>
      <object_component id="oc-1a6">
         <name>.debug_line</name>
         <load_address>0xd21</load_address>
         <run_address>0xd21</run_address>
         <size>0x73</size>
         <input_file_ref idref="fl-4"/>
      </object_component>
      <object_component id="oc-41">
         <name>.debug_line</name>
         <load_address>0xd94</load_address>
         <run_address>0xd94</run_address>
         <size>0x20</size>
         <input_file_ref idref="fl-4"/>
      </object_component>
      <object_component id="oc-93">
         <name>.debug_line</name>
         <load_address>0xdb4</load_address>
         <run_address>0xdb4</run_address>
         <size>0x42</size>
         <input_file_ref idref="fl-5"/>
      </object_component>
      <object_component id="oc-36">
         <name>.debug_line</name>
         <load_address>0xdf6</load_address>
         <run_address>0xdf6</run_address>
         <size>0x42</size>
         <input_file_ref idref="fl-5"/>
      </object_component>
      <object_component id="oc-28">
         <name>.debug_line</name>
         <load_address>0xe38</load_address>
         <run_address>0xe38</run_address>
         <size>0xa2</size>
         <input_file_ref idref="fl-5"/>
      </object_component>
      <object_component id="oc-257">
         <name>.debug_line</name>
         <load_address>0xeda</load_address>
         <run_address>0xeda</run_address>
         <size>0x20</size>
         <input_file_ref idref="fl-8"/>
      </object_component>
      <object_component id="oc-ea">
         <name>.debug_line</name>
         <load_address>0xefa</load_address>
         <run_address>0xefa</run_address>
         <size>0xee</size>
         <input_file_ref idref="fl-8"/>
      </object_component>
      <object_component id="oc-263">
         <name>.debug_line</name>
         <load_address>0xfe8</load_address>
         <run_address>0xfe8</run_address>
         <size>0x166</size>
         <input_file_ref idref="fl-9"/>
      </object_component>
      <object_component id="oc-131">
         <name>.debug_line</name>
         <load_address>0x114e</load_address>
         <run_address>0x114e</run_address>
         <size>0x7ce</size>
         <input_file_ref idref="fl-9"/>
      </object_component>
      <object_component id="oc-267">
         <name>.debug_line</name>
         <load_address>0x191c</load_address>
         <run_address>0x191c</run_address>
         <size>0x37</size>
         <input_file_ref idref="fl-9"/>
      </object_component>
      <object_component id="oc-198">
         <name>.debug_line</name>
         <load_address>0x1953</load_address>
         <run_address>0x1953</run_address>
         <size>0x1a4</size>
         <input_file_ref idref="fl-a"/>
      </object_component>
      <object_component id="oc-d7">
         <name>.debug_line</name>
         <load_address>0x1af7</load_address>
         <run_address>0x1af7</run_address>
         <size>0x37</size>
         <input_file_ref idref="fl-a"/>
      </object_component>
      <object_component id="oc-1b9">
         <name>.debug_line</name>
         <load_address>0x1b2e</load_address>
         <run_address>0x1b2e</run_address>
         <size>0x37</size>
         <input_file_ref idref="fl-a"/>
      </object_component>
      <object_component id="oc-1d6">
         <name>.debug_line</name>
         <load_address>0x1b65</load_address>
         <run_address>0x1b65</run_address>
         <size>0x37</size>
         <input_file_ref idref="fl-a"/>
      </object_component>
      <object_component id="oc-1d8">
         <name>.debug_line</name>
         <load_address>0x1b9c</load_address>
         <run_address>0x1b9c</run_address>
         <size>0x37</size>
[...]
         <name>SysCtlResetCauseGet</name>
         <value>0x2479</value>
         <object_component_ref idref="oc-1f1"/>
      </symbol>
      <symbol id="sm-a26">
         <name>SysCtlSleep</name>
         <value>0x2455</value>
         <object_component_ref idref="oc-1f1"/>
      </symbol>
      <symbol id="sm-a27">
         <name>SysCtlPWMClockGet</name>
         <value>0x2d6d</value>
         <object_component_ref idref="oc-1f1"/>
      </symbol>
      <symbol id="sm-a28">
         <name>SysCtlDeepSleepPowerSet</name>
         <value>0x243d</value>
         <object_component_ref idref="oc-1f1"/>
      </symbol>
      <symbol id="sm-a29">
         <name>SysCtlClockOutConfig</name>
         <value>0x2ef5</value>
         <object_component_ref idref="oc-1f1"/>
      </symbol>
      <symbol id="sm-a2a">
         <name>SysCtlNMIStatus</name>
         <value>0x2ed5</value>
         <object_component_ref idref="oc-1f1"/>
      </symbol>
      <symbol id="sm-a2b">
         <name>SysCtlDeepSleepClockConfigSet</name>
         <value>0x2c55</value>
         <object_component_ref idref="oc-1f1"/>
      </symbol>
      <symbol id="sm-a2c">
         <name>SysCtlDelay</name>
         <value>0x851d</value>
         <object_component_ref idref="oc-293"/>
      </symbol>
      <symbol id="sm-a2d">
         <name>SysCtlVoltageEventClear</name>
         <value>0x2ec1</value>
         <object_component_ref idref="oc-1f1"/>
      </symbol>
      <symbol id="sm-a2e">
         <name>SysCtlLDOSleepSet</name>
         <value>0x237d</value>
         <object_component_ref idref="oc-1f1"/>
      </symbol>
      <symbol id="sm-a2f">
         <name>SysCtlMOSCConfigSet</name>
         <value>0x2499</value>
         <object_component_ref idref="oc-1f1"/>
      </symbol>
      <symbol id="sm-a30">
         <name>SysCtlPeripheralEnable</name>
         <value>0x20b1</value>
         <object_component_ref idref="oc-1f1"/>
      </symbol>
      <symbol id="sm-a31">
         <name>SysCtlIntEnable</name>
         <value>0x2325</value>
         <object_component_ref idref="oc-1f1"/>
      </symbol>
      <symbol id="sm-a32">
         <name>SysCtlNMIClear</name>
         <value>0x2edb</value>
         <object_component_ref idref="oc-1f1"/>
      </symbol>
      <symbol id="sm-a33">
         <name>SysCtlPeripheralPowerOff</name>
         <value>0x1f61</value>
         <object_component_ref idref="oc-1f1"/>
      </symbol>
      <symbol id="sm-a34">
         <name>SysCtlSleepPowerSet</name>
         <value>0x242d</value>
         <object_component_ref idref="oc-1f1"/>
      </symbol>
      <symbol id="sm-a35">
         <name>SysCtlDeepSleep</name>
         <value>0x245d</value>
         <object_component_ref idref="oc-1f1"/>
      </symbol>
      <symbol id="sm-a36">
         <name>SysCtlLDODeepSleepSet</name>
         <value>0x23d5</value>
         <object_component_ref idref="oc-1f1"/>
      </symbol>
      <symbol id="sm-a37">
         <name>SysCtlPeripheralPowerOn</name>
         <value>0x1edd</value>
         <object_component_ref idref="oc-1f1"/>
      </symbol>
      <symbol id="sm-a38">
         <name>SysCtlPeripheralDeepSleepDisable</name>
         <value>0x225f</value>
         <object_component_ref idref="oc-1f1"/>
      </symbol>
      <symbol id="sm-a39">
         <name>SysCtlPeripheralSleepDisable</name>
         <value>0x21bd</value>
         <object_component_ref idref="oc-1f1"/>
      </symbol>
      <symbol id="sm-a3a">
         <name>SysCtlResetBehaviorSet</name>
         <value>0x24f9</value>
         <object_component_ref idref="oc-1f1"/>
      </symbol>
      <symbol id="sm-a3b">
         <name>SysCtlReset</name>
         <value>0x244d</value>
         <object_component_ref idref="oc-1f1"/>
      </symbol>
      <symbol id="sm-a3c">
         <name>SysCtlGPIOAHBDisable</name>
         <value>0x2e29</value>
         <object_component_ref idref="oc-1f1"/>
      </symbol>
      <symbol id="sm-a3d">
         <name>SysCtlSRAMSizeGet</name>
         <value>0x1d33</value>
         <object_component_ref idref="oc-1f1"/>
      </symbol>
      <symbol id="sm-a3e">
         <name>SysCtlClockGet</name>
         <value>0x2a71</value>
         <object_component_ref idref="oc-1f1"/>
      </symbol>
      <symbol id="sm-a3f">
         <name>SysCtlPeripheralDisable</name>
         <value>0x211d</value>
         <object_component_ref idref="oc-1f1"/>
      </symbol>
      <symbol id="sm-a40">
         <name>SysCtlPWMClockSet</name>
         <value>0x2d01</value>
         <object_component_ref idref="oc-1f1"/>
      </symbol>
      <symbol id="sm-a41">
         <name>SysCtlUSBPLLEnable</name>
         <value>0x2e93</value>
         <object_component_ref idref="oc-1f1"/>
      </symbol>
      <symbol id="sm-a42">
         <name>SysCtlPeripheralSleepEnable</name>
         <value>0x216b</value>
         <object_component_ref idref="oc-1f1"/>
      </symbol>
      <symbol id="sm-a43">
         <name>SysCtlIntUnregister</name>
         <value>0x2315</value>
         <object_component_ref idref="oc-1f1"/>
      </symbol>
      <symbol id="sm-a44">
         <name>SysCtlUSBPLLDisable</name>
         <value>0x2e9f</value>
         <object_component_ref idref="oc-1f1"/>
      </symbol>
      <symbol id="sm-a45">
         <name>SysCtlPeripheralReady</name>
         <value>0x1e55</value>
         <object_component_ref idref="oc-1f1"/>
      </symbol>
      <symbol id="sm-a46">
         <name>SysCtlPIOSCCalibrate</name>
         <value>0x24a9</value>
         <object_component_ref idref="oc-1f1"/>
      </symbol>
      <symbol id="sm-a47">
         <name>SysCtlResetCauseClear</name>
         <value>0x2485</value>
         <object_component_ref idref="oc-1f1"/>
      </symbol>
      <symbol id="sm-a48">
         <name>SysCtlLDOSleepGet</name>
         <value>0x23cb</value>
         <object_component_ref idref="oc-1f1"/>
      </symbol>
      <symbol id="sm-a49">
         <name>SysCtlClockFreqSet</name>
         <value>0x2575</value>
         <object_component_ref idref="oc-1f1"/>
      </symbol>
      <symbol id="sm-a4a">
         <name>SysCtlPeripheralReset</name>
         <value>0x200d</value>
         <object_component_ref idref="oc-1f1"/>
      </symbol>
      <symbol id="sm-b0b">
         <name>UARTClockSourceGet</name>
         <value>0x604d</value>
         <object_component_ref idref="oc-1f7"/>
      </symbol>
      <symbol id="sm-b0c">
         <name>UARTCharPutNonBlocking</name>
         <value>0x5db3</value>
         <object_component_ref idref="oc-1f7"/>
      </symbol>
      <symbol id="sm-b0d">
         <name>UARTDMAEnable</name>
         <value>0x5f8d</value>
         <object_component_ref idref="oc-1f7"/>
      </symbol>
      <symbol id="sm-b0e">
         <name>UARTTxIntModeSet</name>
         <value>0x5ca7</value>
         <object_component_ref idref="oc-1f7"/>
      </symbol>
      <symbol id="sm-b0f">
         <name>UARTFIFODisable</name>
         <value>0x5a99</value>
         <object_component_ref idref="oc-1f7"/>
      </symbol>
      <symbol id="sm-b10">
         <name>UARTIntUnregister</name>
         <value>0x5eb7</value>
         <object_component_ref idref="oc-1f7"/>
      </symbol>
      <symbol id="sm-b11">
         <name>UARTRxErrorClear</name>
         <value>0x5ff9</value>
         <object_component_ref idref="oc-1f7"/>
      </symbol>
      <symbol id="sm-b12">
         <name>UARTModemControlSet</name>
         <value>0x5b81</value>
         <object_component_ref idref="oc-1f7"/>
      </symbol>
      <symbol id="sm-b13">
         <name>UARTFlowControlSet</name>
         <value>0x5c4b</value>
         <object_component_ref idref="oc-1f7"/>
      </symbol>
      <symbol id="sm-b14">
         <name>UARTConfigSetExpClk</name>
         <value>0x58b7</value>
         <object_component_ref idref="oc-1f7"/>
      </symbol>
      <symbol id="sm-b15">
         <name>UARTSmartCardDisable</name>
         <value>0x5b5d</value>
         <object_component_ref idref="oc-1f7"/>
      </symbol>
      <symbol id="sm-b16">
         <name>UARTDisable</name>
         <value>0x5a3d</value>
         <object_component_ref idref="oc-1f7"/>
      </symbol>
      <symbol id="sm-b17">
         <name>UART9BitDisable</name>
         <value>0x608f</value>
         <object_component_ref idref="oc-1f7"/>
      </symbol>
      <symbol id="sm-b18">
         <name>UARTFIFOLevelGet</name>
         <value>0x587b</value>
         <object_component_ref idref="oc-1f7"/>
      </symbol>
      <symbol id="sm-b19">
         <name>UARTBusy</name>
         <value>0x5e4d</value>
         <object_component_ref idref="oc-1f7"/>
      </symbol>
      <symbol id="sm-b1a">
         <name>UARTDisableSIR</name>
         <value>0x5af9</value>
         <object_component_ref idref="oc-1f7"/>
      </symbol>
      <symbol id="sm-b1b">
         <name>UARTIntEnable</name>
         <value>0x5ef1</value>
         <object_component_ref idref="oc-1f7"/>
      </symbol>
      <symbol id="sm-b1c">
         <name>UARTCharsAvail</name>
         <value>0x5d0d</value>
         <object_component_ref idref="oc-1f7"/>
      </symbol>
      <symbol id="sm-b1d">
         <name>UARTCharGetNonBlocking</name>
         <value>0x5d65</value>
         <object_component_ref idref="oc-1f7"/>
      </symbol>
      <symbol id="sm-b1e">
         <name>UARTClockSourceSet</name>
         <value>0x6017</value>
         <object_component_ref idref="oc-1f7"/>
      </symbol>
      <symbol id="sm-b1f">
         <name>UARTTxIntModeGet</name>
         <value>0x5ce9</value>
         <object_component_ref idref="oc-1f7"/>
      </symbol>
      <symbol id="sm-b20">
         <name>UARTModemStatusGet</name>
         <value>0x5c29</value>
         <object_component_ref idref="oc-1f7"/>
      </symbol>
      <symbol id="sm-b21">
         <name>UARTIntDisable</name>
         <value>0x5f17</value>
         <object_component_ref idref="oc-1f7"/>
      </symbol>
      <symbol id="sm-b22">
         <name>UARTCharPut</name>
         <value>0x5de5</value>
         <object_component_ref idref="oc-1f7"/>
      </symbol>
      <symbol id="sm-b23">
         <name>UARTParityModeSet</name>
         <value>0x579f</value>
         <object_component_ref idref="oc-1f7"/>
      </symbol>
      <symbol id="sm-b24">
         <name>UARTRxErrorGet</name>
         <value>0x5fd9</value>
         <object_component_ref idref="oc-1f7"/>
      </symbol>
      <symbol id="sm-b25">
         <name>UARTConfigGetExpClk</name>
         <value>0x5995</value>
         <object_component_ref idref="oc-1f7"/>
      </symbol>
      <symbol id="sm-b26">
         <name>UARTEnableSIR</name>
         <value>0x5abd</value>
         <object_component_ref idref="oc-1f7"/>
      </symbol>
      <symbol id="sm-b27">
         <name>UARTEnable</name>
         <value>0x59f5</value>
         <object_component_ref idref="oc-1f7"/>
      </symbol>
      <symbol id="sm-b28">
         <name>UART9BitAddrSend</name>
         <value>0x60e7</value>
         <object_component_ref idref="oc-1f7"/>
      </symbol>
      <symbol id="sm-b29">
         <name>UARTModemControlGet</name>
         <value>0x5c09</value>
         <object_component_ref idref="oc-1f7"/>
      </symbol>
      <symbol id="sm-b2a">
         <name>UARTSmartCardEnable</name>
         <value>0x5b1d</value>
         <object_component_ref idref="oc-1f7"/>
      </symbol>
      <symbol id="sm-b2b">
         <name>UARTFlowControlGet</name>
         <value>0x5c87</value>
         <object_component_ref idref="oc-1f7"/>
      </symbol>
      <symbol id="sm-b2c">
         <name>UARTFIFOEnable</name>
         <value>0x5a75</value>
         <object_component_ref idref="oc-1f7"/>
      </symbol>
      <symbol id="sm-b2d">
         <name>UARTIntClear</name>
         <value>0x5f6d</value>
         <object_component_ref idref="oc-1f7"/>
      </symbol>
      <symbol id="sm-b2e">
         <name>UARTIntStatus</name>
         <value>0x5f3d</value>
         <object_component_ref idref="oc-1f7"/>
      </symbol>
      <symbol id="sm-b2f">
         <name>UARTDMADisable</name>
         <value>0x5fb3</value>
         <object_component_ref idref="oc-1f7"/>
      </symbol>
      <symbol id="sm-b30">
         <name>UART9BitEnable</name>
         <value>0x606b</value>
         <object_component_ref idref="oc-1f7"/>
      </symbol>
      <symbol id="sm-b31">
         <name>UARTSpaceAvail</name>
         <value>0x5d39</value>
         <object_component_ref idref="oc-1f7"/>
      </symbol>
      <symbol id="sm-b32">
         <name>UARTCharGet</name>
         <value>0x5d8f</value>
         <object_component_ref idref="oc-1f7"/>
      </symbol>
      <symbol id="sm-b33">
         <name>UARTFIFOLevelSet</name>
         <value>0x5809</value>
         <object_component_ref idref="oc-1f7"/>
      </symbol>
      <symbol id="sm-b34">
         <name>UARTModemControlClear</name>
         <value>0x5bc5</value>
         <object_component_ref idref="oc-1f7"/>
      </symbol>
      <symbol id="sm-b35">
         <name>UARTParityModeGet</name>
         <value>0x57eb</value>
         <object_component_ref idref="oc-1f7"/>
      </symbol>
      <symbol id="sm-b36">
         <name>UARTIntRegister</name>
         <value>0x5e79</value>
         <object_component_ref idref="oc-1f7"/>
      </symbol>
      <symbol id="sm-b37">
         <name>UARTBreakCtl</name>
         <value>0x5e15</value>
         <object_component_ref idref="oc-1f7"/>
      </symbol>
      <symbol id="sm-b38">
         <name>UART9BitAddrSet</name>
         <value>0x60b3</value>
         <object_component_ref idref="oc-1f7"/>
      </symbol>
      <symbol id="sm-b74">
         <name>LEDWrite</name>
         <value>0x7287</value>
         <object_component_ref idref="oc-133"/>
      </symbol>
      <symbol id="sm-b75">
         <name>LEDRead</name>
         <value>0x7317</value>
         <object_component_ref idref="oc-133"/>
      </symbol>
      <symbol id="sm-b76">
         <name>PinoutSet</name>
         <value>0x70b5</value>
         <object_component_ref idref="oc-133"/>
      </symbol>
      <symbol id="sm-bf0">
         <name>UARTgetc</name>
         <value>0x6895</value>
         <object_component_ref idref="oc-1fd"/>
      </symbol>
      <symbol id="sm-bf1">
         <name>UARTgets</name>
         <value>0x67a3</value>
         <object_component_ref idref="oc-1fd"/>
      </symbol>
      <symbol id="sm-bf2">
         <name>UARTStdioConfig</name>
         <value>0x66b9</value>
         <object_component_ref idref="oc-1fd"/>
      </symbol>
      <symbol id="sm-bf3">
         <name>UARTwrite</name>
         <value>0x6733</value>
         <object_component_ref idref="oc-1fd"/>
      </symbol>
      <symbol id="sm-bf4">
         <name>UARTprintf</name>
         <value>0x6bef</value>
         <object_component_ref idref="oc-1fd"/>
      </symbol>
      <symbol id="sm-bf5">
         <name>UARTvprintf</name>
         <value>0x68c9</value>
         <object_component_ref idref="oc-1fd"/>
      </symbol>
      <symbol id="sm-c07">
         <name>__aeabi_cdrcmple</name>
         <value>0x820f</value>
         <object_component_ref idref="oc-21c"/>
      </symbol>
      <symbol id="sm-c12">
         <name>__aeabi_dmul</name>
         <value>0x7fa3</value>
         <object_component_ref idref="oc-144"/>
      </symbol>
      <symbol id="sm-c1c">
         <name>__aeabi_d2uiz</name>
         <value>0x83bd</value>
         <object_component_ref idref="oc-221"/>
      </symbol>
      <symbol id="sm-c26">
         <name>__aeabi_i2d</name>
         <value>0x84b5</value>
         <object_component_ref idref="oc-13f"/>
      </symbol>
      <symbol id="sm-c41">
         <name>memcpy</name>
         <value>0x8173</value>
         <object_component_ref idref="oc-43"/>
      </symbol>
      <symbol id="sm-c42">
         <name>__aeabi_memcpy</name>
         <value>0x8173</value>
         <object_component_ref idref="oc-43"/>
      </symbol>
      <symbol id="sm-c43">
         <name>__aeabi_memcpy8</name>
         <value>0x8173</value>
         <object_component_ref idref="oc-43"/>
      </symbol>
      <symbol id="sm-c44">
         <name>__aeabi_memcpy4</name>
         <value>0x8173</value>
         <object_component_ref idref="oc-43"/>
      </symbol>
      <symbol id="sm-c53">
         <name>__aeabi_uidivmod</name>
         <value>0x8401</value>
         <object_component_ref idref="oc-2a7"/>
      </symbol>
      <symbol id="sm-c54">
         <name>__aeabi_uidiv</name>
         <value>0x8401</value>
         <object_component_ref idref="oc-2a7"/>
      </symbol>
      <symbol id="sm-c63">
         <name>__aeabi_memset</name>
         <value>0x8297</value>
         <object_component_ref idref="oc-b8"/>
      </symbol>
      <symbol id="sm-c64">
         <name>memset</name>
         <value>0x829d</value>
         <object_component_ref idref="oc-b8"/>
      </symbol>
      <symbol id="sm-c65">
         <name>__aeabi_memset8</name>
         <value>0x8297</value>
         <object_component_ref idref="oc-b8"/>
      </symbol>
      <symbol id="sm-c66">
         <name>__aeabi_memset4</name>
         <value>0x8297</value>
         <object_component_ref idref="oc-b8"/>
      </symbol>
      <symbol id="sm-c67">
         <name>__aeabi_memclr8</name>
         <value>0x8295</value>
         <object_component_ref idref="oc-b8"/>
      </symbol>
      <symbol id="sm-c68">
         <name>__aeabi_memclr4</name>
         <value>0x8295</value>
         <object_component_ref idref="oc-b8"/>
      </symbol>
      <symbol id="sm-c69">
         <name>__aeabi_memclr</name>
         <value>0x8295</value>
         <object_component_ref idref="oc-b8"/>
      </symbol>
      <symbol id="sm-c80">
         <name>__TI_zero_init</name>
         <value>0x8505</value>
         <object_component_ref idref="oc-55"/>
      </symbol>
      <symbol id="sm-c97">
         <name>__TI_decompress_none</name>
         <value>0x84f7</value>
         <object_component_ref idref="oc-18"/>
      </symbol>
      <symbol id="sm-cba">
         <name>__TI_decompress_lzss</name>
         <value>0x830f</value>
         <object_component_ref idref="oc-12"/>
      </symbol>
      <symbol id="sm-cc8">
         <name>strcpy</name>
         <value>0x84e3</value>
         <object_component_ref idref="oc-209"/>
      </symbol>
      <symbol id="sm-cdb">
         <name>__stack</name>
         <value>0x2000c728</value>
         <object_component_ref idref="oc-21"/>
      </symbol>
      <symbol id="sm-cdc">
         <name>_c_int00_noargs</name>
         <value>0x8481</value>
         <object_component_ref idref="oc-61"/>
      </symbol>
      <symbol id="sm-ce6">
         <name>__aeabi_idiv0</name>
         <value>0x809f</value>
         <object_component_ref idref="oc-31d"/>
      </symbol>
      <symbol id="sm-ce7">
         <name>__aeabi_ldiv0</name>
         <value>0x809f</value>
         <object_component_ref idref="oc-31d"/>
      </symbol>
      <symbol id="sm-d0f">
         <name>__TI_auto_init_nobinit_nopinit</name>
         <value>0x8379</value>
         <object_component_ref idref="oc-165"/>
      </symbol>
      <symbol id="sm-d19">
         <name>_system_pre_init</name>
         <value>0x8523</value>
         <object_component_ref idref="oc-be"/>
      </symbol>
      <symbol id="sm-d25">
         <name>C$$EXIT</name>
         <value>0x8527</value>
         <object_component_ref idref="oc-159"/>
      </symbol>
      <symbol id="sm-d26">
         <name>abort</name>
         <value>0x8527</value>
         <object_component_ref idref="oc-159"/>
      </symbol>
      <symbol id="sm-d29">
         <name>__TI_static_base__</name>
         <value>0x0</value>
      </symbol>
      <symbol id="sm-d2c">
         <name>__mpu_init</name>
         <value>0x0</value>
      </symbol>
      <symbol id="sm-d2d">
         <name>_system_post_cinit</name>
         <value>0x0</value>
      </symbol>
   </symbol_table>
   <title>Link successful</title>
</link_info>
