******************************************************************************
                  TI ARM Linker Unix v18.12.1                  
******************************************************************************
>> Linked Wed Apr 10 23:44:58 2019

OUTPUT FILE NAME:   <FreeRTOS_tiva_demo.out>
ENTRY POINT SYMBOL: "_c_int00_noargs"  address: 00008481


MEMORY CONFIGURATION

         name            origin    length      used     unused   attr    fill
----------------------  --------  ---------  --------  --------  ----  --------
  FLASH                 00000000   00100000  00008b86  000f747a  R  X
  SRAM                  20000000   00040000  0000c978  00033688  RW X


SEGMENT ALLOCATION MAP

run origin  load origin   length   init length attrs members
----------  ----------- ---------- ----------- ----- -------
00000000    00000000    00008b88   00008b88    r-x
  00000000    00000000    00000208   00000208    r-- .intvecs
  00000208    00000208    00008322   00008322    r-x .text
  0000852c    0000852c    00000614   00000614    r-- .const
  00008b40    00008b40    00000048   00000048    r-- .cinit
20000000    20000000    0000c97c   00000000    rw-
  20000000    20000000    0000026c   00000000    rw- .vtable
  2000026c    2000026c    0000c4b8   00000000    rw- .bss
  2000c728    2000c728    00000200   00000000    rw- .stack
  2000c928    2000c928    00000054   00000000    rw- .data


SECTION ALLOCATION MAP

 output                                  attributes/
section   page    origin      length       input sections
--------  ----  ----------  ----------   ----------------
.intvecs   0    00000000    00000208     
                  00000000    00000208     tm4c1294ncpdt_startup_ccs.obj (.intvecs)

.text      0    00000208    00008322     
                  00000208    000017b0     tasks.obj (.text)
                  000019b8    000015cc     sysctl.obj (.text)
                  00002f84    0000114c     gpio.obj (.text)
                  000040d0    00000b50     i2c.obj (.text)
                  00004c20    00000ad0     queue.obj (.text)
                  000056f0    00000a50     uart.obj (.text)
                  00006140    00000578     timers.obj (.text)
                  000066b8    0000056c     uartstdio.obj (.text)
                  00006c24    00000490     interrupt.obj (.text)
                  000070b4    00000324     pinout.obj (.text)
                  000073d8    00000320     main.obj (.text)
                  000076f8    00000294     mythread.obj (.text)
                  0000798c    00000208     init.obj (.text)
                  00007b94    000001b8     heap_2.obj (.text)
                  00007d4c    0000012c     port.obj (.text)
                  00007e78    0000012a     list.obj (.text)
                  00007fa2    000000fc     rtsv7M4_T_le_v4SPD16_eabi.lib : fd_mul_t2.asm.obj (.text)
                  0000809e    00000002                                   : div0.asm.obj (.text)
                  000080a0    000000d2     portasm.obj (.text)
                  00008172    0000009c     rtsv7M4_T_le_v4SPD16_eabi.lib : memcpy_t2.asm.obj (.text)
                  0000820e    00000086                                   : fd_cmp_t2.asm.obj (.text:__aeabi_cdrcmple)
                  00008294    0000007a                                   : memset_t2.asm.obj (.text)
                  0000830e    00000068                                   : copy_decompress_lzss.c.obj (.text:decompress:lzss:__TI_decompress_lzss)
                  00008376    00000002     --HOLE-- [fill = 0]
                  00008378    00000044                                   : autoinit.c.obj (.text:__TI_auto_init_nobinit_nopinit:__TI_auto_init_nobinit_nopinit)
                  000083bc    00000044                                   : fd_tou_t2.asm.obj (.text)
                  00008400    00000040                                   : u_divt2.asm.obj (.text)
                  00008440    0000003e     cpu.obj (.text)
                  0000847e    00000002     --HOLE-- [fill = 0]
                  00008480    00000034     rtsv7M4_T_le_v4SPD16_eabi.lib : boot_cortex_m.c.obj (.text:_c_int00_noargs:_c_int00_noargs)
                  000084b4    0000002e                                   : i_tofd_t2.asm.obj (.text)
                  000084e2    00000014                                   : strcpy.c.obj (.text:strcpy)
                  000084f6    0000000e                                   : copy_decompress_none.c.obj (.text:decompress:none:__TI_decompress_none)
                  00008504    0000000c                                   : copy_zero_init.c.obj (.text:decompress:ZI:__TI_zero_init)
                  00008510    0000000c     tm4c1294ncpdt_startup_ccs.obj (.text)
                  0000851c    00000006     sysctl.obj (.text:SysCtlDelay)
                  00008522    00000004     rtsv7M4_T_le_v4SPD16_eabi.lib : pre_init.c.obj (.text:_system_pre_init)
                  00008526    00000004                                   : exit.c.obj (.text:abort:abort)

.const     0    0000852c    00000614     
                  0000852c    00000120     sysctl.obj (.const:g_pppui32XTALtoVCO)
                  0000864c    000000c0     gpio.obj (.const:g_ppui32GPIOIntMapBlizzard)
                  0000870c    000000c0     gpio.obj (.const:g_ppui32GPIOIntMapSnowflake)
                  000087cc    0000009c     interrupt.obj (.const:g_pui32Regs)
                  00008868    00000090     gpio.obj (.const:g_pui32GPIOBaseAddrs)
                  000088f8    0000006c     sysctl.obj (.const:g_pui32Xtals)
                  00008964    00000050     i2c.obj (.const:g_ppui32I2CIntMapSnowflake)
                  000089b4    00000040     uart.obj (.const:g_ppui32UARTIntMap)
                  000089f4    00000040     uart.obj (.const:g_ppui32UARTIntMapSnowflake)
                  00008a34    00000030     i2c.obj (.const:g_ppui32I2CIntMap)
                  00008a64    00000030     sysctl.obj (.const:g_sXTALtoMEMTIM)
                  00008a94    00000020     interrupt.obj (.const:g_pui32Priority)
                  00008ab4    00000014     interrupt.obj (.const:g_pui32Dii16Regs)
                  00008ac8    00000014     interrupt.obj (.const:g_pui32EnRegs)
                  00008adc    00000014     interrupt.obj (.const:g_pui32PendRegs)
                  00008af0    00000014     interrupt.obj (.const:g_pui32UnpendRegs)
                  00008b04    00000012     uartstdio.obj (.const:.string)
                  00008b16    00000002     --HOLE-- [fill = 0]
                  00008b18    0000000c     uartstdio.obj (.const:g_ui32UARTBase)
                  00008b24    0000000c     uartstdio.obj (.const:g_ui32UARTPeriph)
                  00008b30    00000008     sysctl.obj (.const:g_pui32VCOFrequencies)
                  00008b38    00000004     port.obj (.const)
                  00008b3c    00000004     uartstdio.obj (.const)

.cinit     0    00008b40    00000048     
                  00008b40    0000000f     (.cinit..data.load) [load image, compression = lzss]
                  00008b4f    00000001     --HOLE-- [fill = 0]
                  00008b50    0000000c     (__TI_handler_table)
                  00008b5c    00000004     --HOLE-- [fill = 0]
                  00008b60    00000008     (.cinit..bss.load) [load image, compression = zero_init]
                  00008b68    00000008     (.cinit..vtable.load) [load image, compression = zero_init]
                  00008b70    00000018     (__TI_cinit_table)

.init_array 
*          0    00000000    00000000     UNINITIALIZED

.vtable    0    20000000    0000026c     UNINITIALIZED
                  20000000    0000026c     interrupt.obj (.vtable)

.bss       0    2000026c    0000c4b8     UNINITIALIZED
                  2000026c    0000c350     heap_2.obj (.bss:ucHeap)
                  2000c5bc    00000064     tasks.obj (.bss:pxReadyTasksLists)
                  2000c620    00000040     (.common:xQueueRegistry)
                  2000c660    00000014     timers.obj (.bss:xActiveTimerList1)
                  2000c674    00000014     timers.obj (.bss:xActiveTimerList2)
                  2000c688    00000014     tasks.obj (.bss:xDelayedTaskList1)
                  2000c69c    00000014     tasks.obj (.bss:xDelayedTaskList2)
                  2000c6b0    00000014     tasks.obj (.bss:xPendingReadyList)
                  2000c6c4    00000014     tasks.obj (.bss:xSuspendedTaskList)
                  2000c6d8    00000014     tasks.obj (.bss:xTasksWaitingTermination)
                  2000c6ec    00000008     tasks.obj (.bss)
                  2000c6f4    00000008     timers.obj (.bss)
                  2000c6fc    00000008     heap_2.obj (.bss:xEnd)
                  2000c704    00000008     heap_2.obj (.bss:xStart)
                  2000c70c    00000004     init.obj (.bss)
                  2000c710    00000004     (.common:a_task)
                  2000c714    00000004     (.common:my_queue)
                  2000c718    00000004     (.common:semaphore_led)
                  2000c71c    00000004     (.common:semaphore_temp)
                  2000c720    00000004     (.common:sync_mutex)

.data      0    2000c928    00000054     UNINITIALIZED
                  2000c928    00000034     tasks.obj (.data)
                  2000c95c    0000000c     timers.obj (.data)
                  2000c968    00000008     heap_2.obj (.data)
                  2000c970    00000005     uartstdio.obj (.data)
                  2000c975    00000003     --HOLE--
                  2000c978    00000004     port.obj (.data)

.stack     0    2000c728    00000200     UNINITIALIZED
                  2000c728    00000004     rtsv7M4_T_le_v4SPD16_eabi.lib : boot_cortex_m.c.obj (.stack)
                  2000c72c    000001fc     --HOLE--

MODULE SUMMARY

       Module                          code    ro data   rw data
       ------                          ----    -------   -------
    ./
       main.obj                        800     0         0      
       mythread.obj                    660     0         0      
       init.obj                        520     0         24     
       tm4c1294ncpdt_startup_ccs.obj   12      520       0      
    +--+-------------------------------+-------+---------+---------+
       Total:                          1992    520       24     
                                                                
    ./FreeRTOS/
       tasks.obj                       6064    0         260    
       queue.obj                       2768    0         64     
       timers.obj                      1400    0         60     
       list.obj                        298     0         0      
    +--+-------------------------------+-------+---------+---------+
       Total:                          10530   0         384    
                                                                
    ./FreeRTOS/portable/CCS/ARM_CM4F/
       port.obj                        300     4         4      
       portasm.obj                     210     0         0      
    +--+-------------------------------+-------+---------+---------+
       Total:                          510     4         4      
                                                                
    ./FreeRTOS/portable/MemMang/
       heap_2.obj                      440     0         50024  
    +--+-------------------------------+-------+---------+---------+
       Total:                          440     0         50024  
                                                                
    ./driverlib/
       sysctl.obj                      5586    452       0      
       gpio.obj                        4428    528       0      
       i2c.obj                         2896    128       0      
       uart.obj                        2640    128       0      
       interrupt.obj                   1168    268       620    
       cpu.obj                         62      0         0      
    +--+-------------------------------+-------+---------+---------+
       Total:                          16780   1504      620    
                                                                
    ./drivers/
       pinout.obj                      804     0         0      
    +--+-------------------------------+-------+---------+---------+
       Total:                          804     0         0      
                                                                
    ./utils/
       uartstdio.obj                   1388    46        5      
    +--+-------------------------------+-------+---------+---------+
       Total:                          1388    46        5      
                                                                
    /home/shah/ti/ccs901/ccs/tools/compiler/ti-cgt-arm_18.12.1.LTS/lib/rtsv7M4_T_le_v4SPD16_eabi.lib
       fd_mul_t2.asm.obj               252     0         0      
       memcpy_t2.asm.obj               156     0         0      
       fd_cmp_t2.asm.obj               134     0         0      
       memset_t2.asm.obj               122     0         0      
       copy_decompress_lzss.c.obj      104     0         0      
       autoinit.c.obj                  68      0         0      
       fd_tou_t2.asm.obj               68      0         0      
       u_divt2.asm.obj                 64      0         0      
       boot_cortex_m.c.obj             52      0         0      
       i_tofd_t2.asm.obj               46      0         0      
       strcpy.c.obj                    20      0         0      
       copy_decompress_none.c.obj      14      0         0      
       copy_zero_init.c.obj            12      0         0      
       exit.c.obj                      4       0         0      
       pre_init.c.obj                  4       0         0      
       div0.asm.obj                    2       0         0      
    +--+-------------------------------+-------+---------+---------+
       Total:                          1122    0         0      
                                                                
       Stack:                          0       0         512    
       Linker Generated:               0       67        0      
    +--+-------------------------------+-------+---------+---------+
       Grand Total:                    33566   2141      51573  


LINKER GENERATED COPY TABLES

__TI_cinit_table @ 00008b70 records: 3, size/record: 8, table size: 24
	.data: load addr=00008b40, load size=0000000f bytes, run addr=2000c928, run size=00000054 bytes, compression=lzss
	.bss: load addr=00008b60, load size=00000008 bytes, run addr=2000026c, run size=0000c4b8 bytes, compression=zero_init
	.vtable: load addr=00008b68, load size=00000008 bytes, run addr=20000000, run size=0000026c bytes, compression=zero_init


LINKER GENERATED HANDLER TABLE

__TI_handler_table @ 00008b50 records: 3, size/record: 4, table size: 12
	index: 0, handler: __TI_zero_init
	index: 1, handler: __TI_decompress_lzss
	index: 2, handler: __TI_decompress_none


GLOBAL SYMBOLS: SORTED ALPHABETICALLY BY Name 

address   name                             
-------   ----                             
00008527  C$$EXIT                          
00008475  CPUbasepriGet                    
00008467  CPUbasepriSet                    
00008441  CPUcpsid                         
00008457  CPUcpsie                         
0000844d  CPUprimask                       
00008463  CPUwfi                           
00004099  GPIOADCTriggerDisable            
0000406d  GPIOADCTriggerEnable             
00004041  GPIODMATriggerDisable            
00004015  GPIODMATriggerEnable             
00003161  GPIODirModeGet                   
000030dd  GPIODirModeSet                   
00003899  GPIOIntClear                     
00003841  GPIOIntDisable                   
00003819  GPIOIntEnable                    
000038bb  GPIOIntRegister                  
00003869  GPIOIntStatus                    
00003329  GPIOIntTypeGet                   
0000322d  GPIOIntTypeSet                   
000038f9  GPIOIntUnregister                
000036a1  GPIOPadConfigGet                 
000033e7  GPIOPadConfigSet                 
00003f8f  GPIOPinConfigure                 
00003933  GPIOPinRead                      
0000398b  GPIOPinTypeADC                   
000039c1  GPIOPinTypeCAN                   
00003f49  GPIOPinTypeCIR                   
000039f7  GPIOPinTypeComparator            
00003a2d  GPIOPinTypeEPI                   
00003a63  GPIOPinTypeEthernetLED           
00003a99  GPIOPinTypeEthernetMII           
00003acf  GPIOPinTypeGPIOInput             
00003b05  GPIOPinTypeGPIOOutput            
00003b3b  GPIOPinTypeGPIOOutputOD          
00003b71  GPIOPinTypeI2C                   
00003ba7  GPIOPinTypeI2CSCL                
00003ed9  GPIOPinTypeKBColumn              
00003ea3  GPIOPinTypeKBRow                 
00003bdd  GPIOPinTypeLCD                   
00003f0f  GPIOPinTypeLEDSeq                
00003c13  GPIOPinTypeLPC                   
00003c4d  GPIOPinTypePECIRx                
00003c83  GPIOPinTypePECITx                
00003cb9  GPIOPinTypePWM                   
00003cef  GPIOPinTypeQEI                   
00003d25  GPIOPinTypeSSI                   
00003d5b  GPIOPinTypeTimer                 
00003d91  GPIOPinTypeUART                  
00003dc7  GPIOPinTypeUSBAnalog             
00003dfd  GPIOPinTypeUSBDigital            
00003e33  GPIOPinTypeWakeHigh              
00003e6b  GPIOPinTypeWakeLow               
00003f7f  GPIOPinWakeStatus                
0000395d  GPIOPinWrite                     
00004b03  I2CFIFODataGet                   
00004b2b  I2CFIFODataGetNonBlocking        
00004a9d  I2CFIFODataPut                   
00004acd  I2CFIFODataPutNonBlocking        
00004a7f  I2CFIFOStatus                    
00004395  I2CIntRegister                   
00004401  I2CIntUnregister                 
00004b91  I2CMasterBurstCountGet           
00004b5f  I2CMasterBurstLengthSet          
00004773  I2CMasterBusBusy                 
0000474d  I2CMasterBusy                    
00004799  I2CMasterControl                 
000048a5  I2CMasterDataGet                 
00004881  I2CMasterDataPut                 
00004321  I2CMasterDisable                 
000042d1  I2CMasterEnable                  
00004847  I2CMasterErr                     
00004bad  I2CMasterGlitchFilterConfigSet   
000041a1  I2CMasterInitExpClk              
00004663  I2CMasterIntClear                
0000468d  I2CMasterIntClearEx              
000044e1  I2CMasterIntDisable              
000044ff  I2CMasterIntDisableEx            
0000443d  I2CMasterIntEnable               
0000445b  I2CMasterIntEnableEx             
00004573  I2CMasterIntStatus               
000045bb  I2CMasterIntStatusEx             
00004731  I2CMasterLineStateGet            
000046ef  I2CMasterSlaveAddrSet            
000048c1  I2CMasterTimeoutSet              
00004a23  I2CRxFIFOConfigSet               
00004a59  I2CRxFIFOFlush                   
000048e5  I2CSlaveACKOverride              
00004925  I2CSlaveACKValueSet              
00004261  I2CSlaveAddressSet               
000049a9  I2CSlaveDataGet                  
00004983  I2CSlaveDataPut                  
00004345  I2CSlaveDisable                  
000042f5  I2CSlaveEnable                   
00004bf9  I2CSlaveFIFODisable              
00004bd3  I2CSlaveFIFOEnable               
00004223  I2CSlaveInit                     
000046ad  I2CSlaveIntClear                 
000046cd  I2CSlaveIntClearEx               
00004525  I2CSlaveIntDisable               
0000454b  I2CSlaveIntDisableEx             
00004489  I2CSlaveIntEnable                
000044b9  I2CSlaveIntEnableEx              
000045e7  I2CSlaveIntStatus                
00004633  I2CSlaveIntStatusEx              
00004965  I2CSlaveStatus                   
000049c7  I2CTxFIFOConfigSet               
000049fd  I2CTxFIFOFlush                   
00006e51  IntDisable                       
00006dd3  IntEnable                        
00006ed9  IntIsEnabled                     
00006c37  IntMasterDisable                 
00006c27  IntMasterEnable                  
00006ffd  IntPendClear                     
00006f8d  IntPendSet                       
00006d9d  IntPriorityGet                   
00006d03  IntPriorityGroupingGet           
00006cdd  IntPriorityGroupingSet           
00007063  IntPriorityMaskGet               
00007057  IntPriorityMaskSet               
00006d3b  IntPrioritySet                   
00006c47  IntRegister                      
0000706b  IntTrigger                       
00006cbd  IntUnregister                    
00007317  LEDRead                          
00007287  LEDWrite                         
000070b5  PinoutSet                        
00008511  ResetISR                         
00002f2d  SysCtlAltClkConfig               
00002575  SysCtlClockFreqSet               
00002a71  SysCtlClockGet                   
00002ef5  SysCtlClockOutConfig             
000028a5  SysCtlClockSet                   
0000245d  SysCtlDeepSleep                  
00002c55  SysCtlDeepSleepClockConfigSet    
00002c39  SysCtlDeepSleepClockSet          
0000243d  SysCtlDeepSleepPowerSet          
0000851d  SysCtlDelay                      
00001d69  SysCtlFlashSectorSizeGet         
00001d3d  SysCtlFlashSizeGet               
00002e29  SysCtlGPIOAHBDisable             
00002da1  SysCtlGPIOAHBEnable              
00002351  SysCtlIntClear                   
00002339  SysCtlIntDisable                 
00002325  SysCtlIntEnable                  
00002301  SysCtlIntRegister                
00002361  SysCtlIntStatus                  
00002315  SysCtlIntUnregister              
00002423  SysCtlLDODeepSleepGet            
000023d5  SysCtlLDODeepSleepSet            
000023cb  SysCtlLDOSleepGet                
0000237d  SysCtlLDOSleepSet                
00002499  SysCtlMOSCConfigSet              
00002edb  SysCtlNMIClear                   
00002ed5  SysCtlNMIStatus                  
000024a9  SysCtlPIOSCCalibrate             
00002d6d  SysCtlPWMClockGet                
00002d01  SysCtlPWMClockSet                
000022ad  SysCtlPeripheralClockGating      
0000225f  SysCtlPeripheralDeepSleepDisable 
00002211  SysCtlPeripheralDeepSleepEnable  
0000211d  SysCtlPeripheralDisable          
000020b1  SysCtlPeripheralEnable           
00001f61  SysCtlPeripheralPowerOff         
00001edd  SysCtlPeripheralPowerOn          
00001dc9  SysCtlPeripheralPresent          
00001e55  SysCtlPeripheralReady            
0000200d  SysCtlPeripheralReset            
000021bd  SysCtlPeripheralSleepDisable     
0000216b  SysCtlPeripheralSleepEnable      
0000244d  SysCtlReset                      
00002509  SysCtlResetBehaviorGet           
000024f9  SysCtlResetBehaviorSet           
00002485  SysCtlResetCauseClear            
00002479  SysCtlResetCauseGet              
00001d33  SysCtlSRAMSizeGet                
00002455  SysCtlSleep                      
0000242d  SysCtlSleepPowerSet              
00002e9f  SysCtlUSBPLLDisable              
00002e93  SysCtlUSBPLLEnable               
00002ec1  SysCtlVoltageEventClear          
00002eab  SysCtlVoltageEventConfig         
00002ebb  SysCtlVoltageEventStatus         
000060e7  UART9BitAddrSend                 
000060b3  UART9BitAddrSet                  
0000608f  UART9BitDisable                  
0000606b  UART9BitEnable                   
00005e15  UARTBreakCtl                     
00005e4d  UARTBusy                         
00005d8f  UARTCharGet                      
00005d65  UARTCharGetNonBlocking           
00005de5  UARTCharPut                      
00005db3  UARTCharPutNonBlocking           
00005d0d  UARTCharsAvail                   
0000604d  UARTClockSourceGet               
00006017  UARTClockSourceSet               
00005995  UARTConfigGetExpClk              
000058b7  UARTConfigSetExpClk              
00005fb3  UARTDMADisable                   
00005f8d  UARTDMAEnable                    
00005a3d  UARTDisable                      
00005af9  UARTDisableSIR                   
000059f5  UARTEnable                       
00005abd  UARTEnableSIR                    
00005a99  UARTFIFODisable                  
00005a75  UARTFIFOEnable                   
0000587b  UARTFIFOLevelGet                 
00005809  UARTFIFOLevelSet                 
00005c87  UARTFlowControlGet               
00005c4b  UARTFlowControlSet               
00005f6d  UARTIntClear                     
00005f17  UARTIntDisable                   
00005ef1  UARTIntEnable                    
00005e79  UARTIntRegister                  
00005f3d  UARTIntStatus                    
00005eb7  UARTIntUnregister                
00005bc5  UARTModemControlClear            
00005c09  UARTModemControlGet              
00005b81  UARTModemControlSet              
00005c29  UARTModemStatusGet               
000057eb  UARTParityModeGet                
0000579f  UARTParityModeSet                
00005ff9  UARTRxErrorClear                 
00005fd9  UARTRxErrorGet                   
00005b5d  UARTSmartCardDisable             
00005b1d  UARTSmartCardEnable              
00005d39  UARTSpaceAvail                   
000066b9  UARTStdioConfig                  
00005ce9  UARTTxIntModeGet                 
00005ca7  UARTTxIntModeSet                 
00006895  UARTgetc                         
000067a3  UARTgets                         
00006bef  UARTprintf                       
000068c9  UARTvprintf                      
00006733  UARTwrite                        
2000c928  __STACK_END                      
00000200  __STACK_SIZE                     
2000c928  __STACK_TOP                      
00008b70  __TI_CINIT_Base                  
00008b88  __TI_CINIT_Limit                 
00008b50  __TI_Handler_Table_Base          
00008b5c  __TI_Handler_Table_Limit         
00008379  __TI_auto_init_nobinit_nopinit   
0000830f  __TI_decompress_lzss             
000084f7  __TI_decompress_none             
ffffffff  __TI_pprof_out_hndl              
ffffffff  __TI_prof_data_size              
ffffffff  __TI_prof_data_start             
00000000  __TI_static_base__               
00008505  __TI_zero_init                   
0000820f  __aeabi_cdrcmple                 
000083bd  __aeabi_d2uiz                    
00007fa3  __aeabi_dmul                     
000084b5  __aeabi_i2d                      
0000809f  __aeabi_idiv0                    
0000809f  __aeabi_ldiv0                    
00008295  __aeabi_memclr                   
00008295  __aeabi_memclr4                  
00008295  __aeabi_memclr8                  
00008173  __aeabi_memcpy                   
00008173  __aeabi_memcpy4                  
00008173  __aeabi_memcpy8                  
00008297  __aeabi_memset                   
00008297  __aeabi_memset4                  
00008297  __aeabi_memset8                  
00008401  __aeabi_uidiv                    
00008401  __aeabi_uidivmod                 
ffffffff  __binit__                        
ffffffff  __c_args__                       
0000767f  __error__                        
UNDEFED   __mpu_init                       
2000c728  __stack                          
00008481  _c_int00_noargs                  
UNDEFED   _system_post_cinit               
00008523  _system_pre_init                 
2000c710  a_task                           
00008527  abort                            
00007ab7  alert_thread                     
ffffffff  binit                            
0000057d  eTaskGetState                    
20000000  g_pfnRAMVectors                  
00000000  g_pfnVectors                     
000079fd  initialize_gpio                  
00007a3d  initialize_i2c                   
000079c9  initialize_timer                 
0000798d  initialize_uart                  
00007789  led_thread                       
00007821  logger_thread                    
000073d9  main                             
00008173  memcpy                           
0000829d  memset                           
2000c714  my_queue                         
000074b7  my_temp_function                 
00005609  pcQueueGetName                   
00000b3f  pcTaskGetName                    
0000627b  pcTimerGetName                   
00007b95  pvPortMalloc                     
000014c7  pvTaskIncrementMutexHeldCount    
00006669  pvTimerGetTimerID                
2000c928  pxCurrentTCB                     
00007d4d  pxPortInitialiseStack            
2000c718  semaphore_led                    
2000c71c  semaphore_temp                   
000084e3  strcpy                           
2000c720  sync_mutex                       
00007533  temp_read                        
000076f9  temperature_thread               
00007a7d  timer_handler                    
00005389  ucQueueGetQueueType              
00008b38  ulMaxSyscallInterruptPriority    
000080b1  ulPortGetIPSR                    
000014df  ulTaskNotifyTake                 
00007f5b  uxListRemove                     
00005369  uxQueueGetQueueNumber            
0000530b  uxQueueMessagesWaiting           
00005341  uxQueueMessagesWaitingFromISR    
00005321  uxQueueSpacesAvailable           
00000b39  uxTaskGetNumberOfTasks           
00000b65  uxTaskGetSystemState             
00001009  uxTaskGetTaskNumber              
00000611  uxTaskPriorityGet                
00000641  uxTaskPriorityGetFromISR         
000014a5  uxTaskResetEventItemValue        
00007e79  vListInitialise                  
00007ea9  vListInitialiseItem              
00007ef5  vListInsert                      
00007eb9  vListInsertEnd                   
00008165  vPortEnableVFP                   
00007ded  vPortEndScheduler                
00007def  vPortEnterCritical               
00007e0f  vPortExitCritical                
00007c8d  vPortFree                        
00007cf1  vPortInitialiseBlocks            
00008129  vPortSVCHandler                  
00007e4b  vPortSetupTimerInterrupt         
00008149  vPortStartFirstTask              
000055c7  vQueueAddToRegistry              
00005353  vQueueDelete                     
00005377  vQueueSetQueueNumber             
00005649  vQueueUnregisterQueue            
0000568d  vQueueWaitForMessageRestricted   
00000541  vTaskDelay                       
000004b1  vTaskDelayUntil                  
00000403  vTaskDelete                      
000009ff  vTaskEndScheduler                
0000111d  vTaskGetInfo                     
00000ff7  vTaskMissedYield                 
0000180b  vTaskNotifyGiveFromISR           
00000de5  vTaskPlaceOnEventList            
00000e2b  vTaskPlaceOnEventListRestricted  
00000e01  vTaskPlaceOnUnorderedEventList   
00001345  vTaskPriorityInherit             
0000068d  vTaskPrioritySet                 
000008a1  vTaskResume                      
00001029  vTaskSetTaskNumber               
00000f59  vTaskSetTimeOutState             
000009a9  vTaskStartScheduler              
000007a1  vTaskSuspend                     
00000a1b  vTaskSuspendAll                  
00000d7d  vTaskSwitchContext               
00006683  vTimerSetTimerID                 
00007ceb  xPortGetFreeHeapSize             
000080c9  xPortPendSVHandler               
00007db7  xPortStartScheduler              
00007e25  xPortSysTickHandler              
00004e29  xQueueCreateCountingSemaphore    
00004d79  xQueueCreateMutex                
00004cbf  xQueueGenericCreate              
000050a1  xQueueGenericReceive             
00004c21  xQueueGenericReset               
00004e49  xQueueGenericSend                
00004f75  xQueueGenericSendFromISR         
0000500f  xQueueGiveFromISR                
00004da5  xQueueGiveMutexRecursive         
00005563  xQueueIsQueueEmptyFromISR        
000055a5  xQueueIsQueueFullFromISR         
000052b9  xQueuePeekFromISR                
00005221  xQueueReceiveFromISR             
2000c620  xQueueRegistry                   
00004de1  xQueueTakeMutexRecursive         
00000f7d  xTaskCheckForTimeOut             
00000209  xTaskCreate                      
00001615  xTaskGenericNotify               
00001701  xTaskGenericNotifyFromISR        
000012e5  xTaskGetCurrentTaskHandle        
000012f9  xTaskGetSchedulerState           
00000b15  xTaskGetTickCount                
00000b25  xTaskGetTickCountFromISR         
00000c59  xTaskIncrementTick               
000018b9  xTaskNotifyStateClear            
00001565  xTaskNotifyWait                  
00001407  xTaskPriorityDisinherit          
00000e65  xTaskRemoveFromEventList         
00000ee5  xTaskRemoveFromUnorderedEventList
00000a31  xTaskResumeAll                   
0000091b  xTaskResumeFromISR               
0000616d  xTimerCreate                     
00006141  xTimerCreateTimerTask            
000061e1  xTimerGenericCommand             
00006265  xTimerGetExpiryTime              
00006253  xTimerGetPeriod                  
0000624d  xTimerGetTimerDaemonTaskHandle   
0000663d  xTimerIsTimerActive              


GLOBAL SYMBOLS: SORTED BY Symbol Address 

address   name                             
-------   ----                             
00000000  __TI_static_base__               
00000000  g_pfnVectors                     
00000200  __STACK_SIZE                     
00000209  xTaskCreate                      
00000403  vTaskDelete                      
000004b1  vTaskDelayUntil                  
00000541  vTaskDelay                       
0000057d  eTaskGetState                    
00000611  uxTaskPriorityGet                
00000641  uxTaskPriorityGetFromISR         
0000068d  vTaskPrioritySet                 
000007a1  vTaskSuspend                     
000008a1  vTaskResume                      
0000091b  xTaskResumeFromISR               
000009a9  vTaskStartScheduler              
000009ff  vTaskEndScheduler                
00000a1b  vTaskSuspendAll                  
00000a31  xTaskResumeAll                   
00000b15  xTaskGetTickCount                
00000b25  xTaskGetTickCountFromISR         
00000b39  uxTaskGetNumberOfTasks           
00000b3f  pcTaskGetName                    
00000b65  uxTaskGetSystemState             
00000c59  xTaskIncrementTick               
00000d7d  vTaskSwitchContext               
00000de5  vTaskPlaceOnEventList            
00000e01  vTaskPlaceOnUnorderedEventList   
00000e2b  vTaskPlaceOnEventListRestricted  
00000e65  xTaskRemoveFromEventList         
00000ee5  xTaskRemoveFromUnorderedEventList
00000f59  vTaskSetTimeOutState             
00000f7d  xTaskCheckForTimeOut             
00000ff7  vTaskMissedYield                 
00001009  uxTaskGetTaskNumber              
00001029  vTaskSetTaskNumber               
0000111d  vTaskGetInfo                     
000012e5  xTaskGetCurrentTaskHandle        
000012f9  xTaskGetSchedulerState           
00001345  vTaskPriorityInherit             
00001407  xTaskPriorityDisinherit          
000014a5  uxTaskResetEventItemValue        
000014c7  pvTaskIncrementMutexHeldCount    
000014df  ulTaskNotifyTake                 
00001565  xTaskNotifyWait                  
00001615  xTaskGenericNotify               
00001701  xTaskGenericNotifyFromISR        
0000180b  vTaskNotifyGiveFromISR           
000018b9  xTaskNotifyStateClear            
00001d33  SysCtlSRAMSizeGet                
00001d3d  SysCtlFlashSizeGet               
00001d69  SysCtlFlashSectorSizeGet         
00001dc9  SysCtlPeripheralPresent          
00001e55  SysCtlPeripheralReady            
00001edd  SysCtlPeripheralPowerOn          
00001f61  SysCtlPeripheralPowerOff         
0000200d  SysCtlPeripheralReset            
000020b1  SysCtlPeripheralEnable           
0000211d  SysCtlPeripheralDisable          
0000216b  SysCtlPeripheralSleepEnable      
000021bd  SysCtlPeripheralSleepDisable     
00002211  SysCtlPeripheralDeepSleepEnable  
0000225f  SysCtlPeripheralDeepSleepDisable 
000022ad  SysCtlPeripheralClockGating      
00002301  SysCtlIntRegister                
00002315  SysCtlIntUnregister              
00002325  SysCtlIntEnable                  
00002339  SysCtlIntDisable                 
00002351  SysCtlIntClear                   
00002361  SysCtlIntStatus                  
0000237d  SysCtlLDOSleepSet                
000023cb  SysCtlLDOSleepGet                
000023d5  SysCtlLDODeepSleepSet            
00002423  SysCtlLDODeepSleepGet            
0000242d  SysCtlSleepPowerSet              
0000243d  SysCtlDeepSleepPowerSet          
0000244d  SysCtlReset                      
00002455  SysCtlSleep                      
0000245d  SysCtlDeepSleep                  
00002479  SysCtlResetCauseGet              
00002485  SysCtlResetCauseClear            
00002499  SysCtlMOSCConfigSet              
000024a9  SysCtlPIOSCCalibrate             
000024f9  SysCtlResetBehaviorSet           
00002509  SysCtlResetBehaviorGet           
00002575  SysCtlClockFreqSet               
000028a5  SysCtlClockSet                   
00002a71  SysCtlClockGet                   
00002c39  SysCtlDeepSleepClockSet          
00002c55  SysCtlDeepSleepClockConfigSet    
00002d01  SysCtlPWMClockSet                
00002d6d  SysCtlPWMClockGet                
00002da1  SysCtlGPIOAHBEnable              
00002e29  SysCtlGPIOAHBDisable             
00002e93  SysCtlUSBPLLEnable               
00002e9f  SysCtlUSBPLLDisable              
00002eab  SysCtlVoltageEventConfig         
00002ebb  SysCtlVoltageEventStatus         
00002ec1  SysCtlVoltageEventClear          
00002ed5  SysCtlNMIStatus                  
00002edb  SysCtlNMIClear                   
00002ef5  SysCtlClockOutConfig             
00002f2d  SysCtlAltClkConfig               
000030dd  GPIODirModeSet                   
00003161  GPIODirModeGet                   
0000322d  GPIOIntTypeSet                   
00003329  GPIOIntTypeGet                   
000033e7  GPIOPadConfigSet                 
000036a1  GPIOPadConfigGet                 
00003819  GPIOIntEnable                    
00003841  GPIOIntDisable                   
00003869  GPIOIntStatus                    
00003899  GPIOIntClear                     
000038bb  GPIOIntRegister                  
000038f9  GPIOIntUnregister                
00003933  GPIOPinRead                      
0000395d  GPIOPinWrite                     
0000398b  GPIOPinTypeADC                   
000039c1  GPIOPinTypeCAN                   
000039f7  GPIOPinTypeComparator            
00003a2d  GPIOPinTypeEPI                   
00003a63  GPIOPinTypeEthernetLED           
00003a99  GPIOPinTypeEthernetMII           
00003acf  GPIOPinTypeGPIOInput             
00003b05  GPIOPinTypeGPIOOutput            
00003b3b  GPIOPinTypeGPIOOutputOD          
00003b71  GPIOPinTypeI2C                   
00003ba7  GPIOPinTypeI2CSCL                
00003bdd  GPIOPinTypeLCD                   
00003c13  GPIOPinTypeLPC                   
00003c4d  GPIOPinTypePECIRx                
00003c83  GPIOPinTypePECITx                
00003cb9  GPIOPinTypePWM                   
00003cef  GPIOPinTypeQEI                   
00003d25  GPIOPinTypeSSI                   
00003d5b  GPIOPinTypeTimer                 
00003d91  GPIOPinTypeUART                  
00003dc7  GPIOPinTypeUSBAnalog             
00003dfd  GPIOPinTypeUSBDigital            
00003e33  GPIOPinTypeWakeHigh              
00003e6b  GPIOPinTypeWakeLow               
00003ea3  GPIOPinTypeKBRow                 
00003ed9  GPIOPinTypeKBColumn              
00003f0f  GPIOPinTypeLEDSeq                
00003f49  GPIOPinTypeCIR                   
00003f7f  GPIOPinWakeStatus                
00003f8f  GPIOPinConfigure                 
00004015  GPIODMATriggerEnable             
00004041  GPIODMATriggerDisable            
0000406d  GPIOADCTriggerEnable             
00004099  GPIOADCTriggerDisable            
000041a1  I2CMasterInitExpClk              
00004223  I2CSlaveInit                     
00004261  I2CSlaveAddressSet               
000042d1  I2CMasterEnable                  
000042f5  I2CSlaveEnable                   
00004321  I2CMasterDisable                 
00004345  I2CSlaveDisable                  
00004395  I2CIntRegister                   
00004401  I2CIntUnregister                 
0000443d  I2CMasterIntEnable               
0000445b  I2CMasterIntEnableEx             
00004489  I2CSlaveIntEnable                
000044b9  I2CSlaveIntEnableEx              
000044e1  I2CMasterIntDisable              
000044ff  I2CMasterIntDisableEx            
00004525  I2CSlaveIntDisable               
0000454b  I2CSlaveIntDisableEx             
00004573  I2CMasterIntStatus               
000045bb  I2CMasterIntStatusEx             
000045e7  I2CSlaveIntStatus                
00004633  I2CSlaveIntStatusEx              
00004663  I2CMasterIntClear                
0000468d  I2CMasterIntClearEx              
000046ad  I2CSlaveIntClear                 
000046cd  I2CSlaveIntClearEx               
000046ef  I2CMasterSlaveAddrSet            
00004731  I2CMasterLineStateGet            
0000474d  I2CMasterBusy                    
00004773  I2CMasterBusBusy                 
00004799  I2CMasterControl                 
00004847  I2CMasterErr                     
00004881  I2CMasterDataPut                 
000048a5  I2CMasterDataGet                 
000048c1  I2CMasterTimeoutSet              
000048e5  I2CSlaveACKOverride              
00004925  I2CSlaveACKValueSet              
00004965  I2CSlaveStatus                   
00004983  I2CSlaveDataPut                  
000049a9  I2CSlaveDataGet                  
000049c7  I2CTxFIFOConfigSet               
000049fd  I2CTxFIFOFlush                   
00004a23  I2CRxFIFOConfigSet               
00004a59  I2CRxFIFOFlush                   
00004a7f  I2CFIFOStatus                    
00004a9d  I2CFIFODataPut                   
00004acd  I2CFIFODataPutNonBlocking        
00004b03  I2CFIFODataGet                   
00004b2b  I2CFIFODataGetNonBlocking        
00004b5f  I2CMasterBurstLengthSet          
00004b91  I2CMasterBurstCountGet           
00004bad  I2CMasterGlitchFilterConfigSet   
00004bd3  I2CSlaveFIFOEnable               
00004bf9  I2CSlaveFIFODisable              
00004c21  xQueueGenericReset               
00004cbf  xQueueGenericCreate              
00004d79  xQueueCreateMutex                
00004da5  xQueueGiveMutexRecursive         
00004de1  xQueueTakeMutexRecursive         
00004e29  xQueueCreateCountingSemaphore    
00004e49  xQueueGenericSend                
00004f75  xQueueGenericSendFromISR         
0000500f  xQueueGiveFromISR                
000050a1  xQueueGenericReceive             
00005221  xQueueReceiveFromISR             
000052b9  xQueuePeekFromISR                
0000530b  uxQueueMessagesWaiting           
00005321  uxQueueSpacesAvailable           
00005341  uxQueueMessagesWaitingFromISR    
00005353  vQueueDelete                     
00005369  uxQueueGetQueueNumber            
00005377  vQueueSetQueueNumber             
00005389  ucQueueGetQueueType              
00005563  xQueueIsQueueEmptyFromISR        
000055a5  xQueueIsQueueFullFromISR         
000055c7  vQueueAddToRegistry              
00005609  pcQueueGetName                   
00005649  vQueueUnregisterQueue            
0000568d  vQueueWaitForMessageRestricted   
0000579f  UARTParityModeSet                
000057eb  UARTParityModeGet                
00005809  UARTFIFOLevelSet                 
0000587b  UARTFIFOLevelGet                 
000058b7  UARTConfigSetExpClk              
00005995  UARTConfigGetExpClk              
000059f5  UARTEnable                       
00005a3d  UARTDisable                      
00005a75  UARTFIFOEnable                   
00005a99  UARTFIFODisable                  
00005abd  UARTEnableSIR                    
00005af9  UARTDisableSIR                   
00005b1d  UARTSmartCardEnable              
00005b5d  UARTSmartCardDisable             
00005b81  UARTModemControlSet              
00005bc5  UARTModemControlClear            
00005c09  UARTModemControlGet              
00005c29  UARTModemStatusGet               
00005c4b  UARTFlowControlSet               
00005c87  UARTFlowControlGet               
00005ca7  UARTTxIntModeSet                 
00005ce9  UARTTxIntModeGet                 
00005d0d  UARTCharsAvail                   
00005d39  UARTSpaceAvail                   
00005d65  UARTCharGetNonBlocking           
00005d8f  UARTCharGet                      
00005db3  UARTCharPutNonBlocking           
00005de5  UARTCharPut                      
00005e15  UARTBreakCtl                     
00005e4d  UARTBusy                         
00005e79  UARTIntRegister                  
00005eb7  UARTIntUnregister                
00005ef1  UARTIntEnable                    
00005f17  UARTIntDisable                   
00005f3d  UARTIntStatus                    
00005f6d  UARTIntClear                     
00005f8d  UARTDMAEnable                    
00005fb3  UARTDMADisable                   
00005fd9  UARTRxErrorGet                   
00005ff9  UARTRxErrorClear                 
00006017  UARTClockSourceSet               
0000604d  UARTClockSourceGet               
0000606b  UART9BitEnable                   
0000608f  UART9BitDisable                  
000060b3  UART9BitAddrSet                  
000060e7  UART9BitAddrSend                 
00006141  xTimerCreateTimerTask            
0000616d  xTimerCreate                     
000061e1  xTimerGenericCommand             
0000624d  xTimerGetTimerDaemonTaskHandle   
00006253  xTimerGetPeriod                  
00006265  xTimerGetExpiryTime              
0000627b  pcTimerGetName                   
0000663d  xTimerIsTimerActive              
00006669  pvTimerGetTimerID                
00006683  vTimerSetTimerID                 
000066b9  UARTStdioConfig                  
00006733  UARTwrite                        
000067a3  UARTgets                         
00006895  UARTgetc                         
000068c9  UARTvprintf                      
00006bef  UARTprintf                       
00006c27  IntMasterEnable                  
00006c37  IntMasterDisable                 
00006c47  IntRegister                      
00006cbd  IntUnregister                    
00006cdd  IntPriorityGroupingSet           
00006d03  IntPriorityGroupingGet           
00006d3b  IntPrioritySet                   
00006d9d  IntPriorityGet                   
00006dd3  IntEnable                        
00006e51  IntDisable                       
00006ed9  IntIsEnabled                     
00006f8d  IntPendSet                       
00006ffd  IntPendClear                     
00007057  IntPriorityMaskSet               
00007063  IntPriorityMaskGet               
0000706b  IntTrigger                       
000070b5  PinoutSet                        
00007287  LEDWrite                         
00007317  LEDRead                          
000073d9  main                             
000074b7  my_temp_function                 
00007533  temp_read                        
0000767f  __error__                        
000076f9  temperature_thread               
00007789  led_thread                       
00007821  logger_thread                    
0000798d  initialize_uart                  
000079c9  initialize_timer                 
000079fd  initialize_gpio                  
00007a3d  initialize_i2c                   
00007a7d  timer_handler                    
00007ab7  alert_thread                     
00007b95  pvPortMalloc                     
00007c8d  vPortFree                        
00007ceb  xPortGetFreeHeapSize             
00007cf1  vPortInitialiseBlocks            
00007d4d  pxPortInitialiseStack            
00007db7  xPortStartScheduler              
00007ded  vPortEndScheduler                
00007def  vPortEnterCritical               
00007e0f  vPortExitCritical                
00007e25  xPortSysTickHandler              
00007e4b  vPortSetupTimerInterrupt         
00007e79  vListInitialise                  
00007ea9  vListInitialiseItem              
00007eb9  vListInsertEnd                   
00007ef5  vListInsert                      
00007f5b  uxListRemove                     
00007fa3  __aeabi_dmul                     
0000809f  __aeabi_idiv0                    
0000809f  __aeabi_ldiv0                    
000080b1  ulPortGetIPSR                    
000080c9  xPortPendSVHandler               
00008129  vPortSVCHandler                  
00008149  vPortStartFirstTask              
00008165  vPortEnableVFP                   
00008173  __aeabi_memcpy                   
00008173  __aeabi_memcpy4                  
00008173  __aeabi_memcpy8                  
00008173  memcpy                           
0000820f  __aeabi_cdrcmple                 
00008295  __aeabi_memclr                   
00008295  __aeabi_memclr4                  
00008295  __aeabi_memclr8                  
00008297  __aeabi_memset                   
00008297  __aeabi_memset4                  
00008297  __aeabi_memset8                  
0000829d  memset                           
0000830f  __TI_decompress_lzss             
00008379  __TI_auto_init_nobinit_nopinit   
000083bd  __aeabi_d2uiz                    
00008401  __aeabi_uidiv                    
00008401  __aeabi_uidivmod                 
00008441  CPUcpsid                         
0000844d  CPUprimask                       
00008457  CPUcpsie                         
00008463  CPUwfi                           
00008467  CPUbasepriSet                    
00008475  CPUbasepriGet                    
00008481  _c_int00_noargs                  
000084b5  __aeabi_i2d                      
000084e3  strcpy                           
000084f7  __TI_decompress_none             
00008505  __TI_zero_init                   
00008511  ResetISR                         
0000851d  SysCtlDelay                      
00008523  _system_pre_init                 
00008527  C$$EXIT                          
00008527  abort                            
00008b38  ulMaxSyscallInterruptPriority    
00008b50  __TI_Handler_Table_Base          
00008b5c  __TI_Handler_Table_Limit         
00008b70  __TI_CINIT_Base                  
00008b88  __TI_CINIT_Limit                 
20000000  g_pfnRAMVectors                  
2000c620  xQueueRegistry                   
2000c710  a_task                           
2000c714  my_queue                         
2000c718  semaphore_led                    
2000c71c  semaphore_temp                   
2000c720  sync_mutex                       
2000c728  __stack                          
2000c928  __STACK_END                      
2000c928  __STACK_TOP                      
2000c928  pxCurrentTCB                     
ffffffff  __TI_pprof_out_hndl              
ffffffff  __TI_prof_data_size              
ffffffff  __TI_prof_data_start             
ffffffff  __binit__                        
ffffffff  __c_args__                       
ffffffff  binit                            
UNDEFED   __mpu_init                       
UNDEFED   _system_post_cinit               

[403 symbols]
